Archive member included to satisfy reference by file (symbol)

/Applications/ArmGNUToolchain/14.2.rel1/arm-none-eabi/bin/../lib/gcc/arm-none-eabi/14.2.1/thumb/v6-m/nofp/libgcc.a(_dvmd_tls.o)
                              CMakeFiles/05-display.dir/Users/maksimkuzin/Repositories/pico/pico-sdk/src/rp2_common/pico_divider/divider_hardware.S.o (__aeabi_idiv0)
/Applications/ArmGNUToolchain/14.2.rel1/arm-none-eabi/bin/../lib/gcc/arm-none-eabi/14.2.1/../../../../arm-none-eabi/lib/thumb/v6-m/nofp/libg.a(libc_a-calloc.o)
                              CMakeFiles/05-display.dir/Users/maksimkuzin/Repositories/pico/pico-sdk/src/rp2_common/pico_malloc/malloc.c.o (calloc)
/Applications/ArmGNUToolchain/14.2.rel1/arm-none-eabi/bin/../lib/gcc/arm-none-eabi/14.2.1/../../../../arm-none-eabi/lib/thumb/v6-m/nofp/libg.a(libc_a-callocr.o)
                              /Applications/ArmGNUToolchain/14.2.rel1/arm-none-eabi/bin/../lib/gcc/arm-none-eabi/14.2.1/../../../../arm-none-eabi/lib/thumb/v6-m/nofp/libg.a(libc_a-calloc.o) (_calloc_r)
/Applications/ArmGNUToolchain/14.2.rel1/arm-none-eabi/bin/../lib/gcc/arm-none-eabi/14.2.1/../../../../arm-none-eabi/lib/thumb/v6-m/nofp/libg.a(libc_a-malloc.o)
                              CMakeFiles/05-display.dir/Users/maksimkuzin/Repositories/pico/pico-sdk/src/rp2_common/pico_malloc/malloc.c.o (malloc)
/Applications/ArmGNUToolchain/14.2.rel1/arm-none-eabi/bin/../lib/gcc/arm-none-eabi/14.2.1/../../../../arm-none-eabi/lib/thumb/v6-m/nofp/libg.a(libc_a-mallocr.o)
                              /Applications/ArmGNUToolchain/14.2.rel1/arm-none-eabi/bin/../lib/gcc/arm-none-eabi/14.2.1/../../../../arm-none-eabi/lib/thumb/v6-m/nofp/libg.a(libc_a-callocr.o) (_malloc_r)
/Applications/ArmGNUToolchain/14.2.rel1/arm-none-eabi/bin/../lib/gcc/arm-none-eabi/14.2.1/../../../../arm-none-eabi/lib/thumb/v6-m/nofp/libg.a(libc_a-mlock.o)
                              /Applications/ArmGNUToolchain/14.2.rel1/arm-none-eabi/bin/../lib/gcc/arm-none-eabi/14.2.1/../../../../arm-none-eabi/lib/thumb/v6-m/nofp/libg.a(libc_a-mallocr.o) (__malloc_lock)
/Applications/ArmGNUToolchain/14.2.rel1/arm-none-eabi/bin/../lib/gcc/arm-none-eabi/14.2.1/../../../../arm-none-eabi/lib/thumb/v6-m/nofp/libg.a(libc_a-realloc.o)
                              CMakeFiles/05-display.dir/Users/maksimkuzin/Repositories/pico/pico-sdk/src/rp2_common/pico_malloc/malloc.c.o (realloc)
/Applications/ArmGNUToolchain/14.2.rel1/arm-none-eabi/bin/../lib/gcc/arm-none-eabi/14.2.1/../../../../arm-none-eabi/lib/thumb/v6-m/nofp/libg.a(libc_a-reallocr.o)
                              /Applications/ArmGNUToolchain/14.2.rel1/arm-none-eabi/bin/../lib/gcc/arm-none-eabi/14.2.1/../../../../arm-none-eabi/lib/thumb/v6-m/nofp/libg.a(libc_a-realloc.o) (_realloc_r)
/Applications/ArmGNUToolchain/14.2.rel1/arm-none-eabi/bin/../lib/gcc/arm-none-eabi/14.2.1/../../../../arm-none-eabi/lib/thumb/v6-m/nofp/libg.a(libc_a-strtoul.o)
                              CMakeFiles/05-display.dir/main.c.o (strtoul)
/Applications/ArmGNUToolchain/14.2.rel1/arm-none-eabi/bin/../lib/gcc/arm-none-eabi/14.2.1/../../../../arm-none-eabi/lib/thumb/v6-m/nofp/libg.a(libc_a-sscanf.o)
                              CMakeFiles/05-display.dir/main.c.o (sscanf)
/Applications/ArmGNUToolchain/14.2.rel1/arm-none-eabi/bin/../lib/gcc/arm-none-eabi/14.2.1/../../../../arm-none-eabi/lib/thumb/v6-m/nofp/libg.a(libc_a-stdio.o)
                              /Applications/ArmGNUToolchain/14.2.rel1/arm-none-eabi/bin/../lib/gcc/arm-none-eabi/14.2.1/../../../../arm-none-eabi/lib/thumb/v6-m/nofp/libg.a(libc_a-sscanf.o) (__seofread)
/Applications/ArmGNUToolchain/14.2.rel1/arm-none-eabi/bin/../lib/gcc/arm-none-eabi/14.2.1/../../../../arm-none-eabi/lib/thumb/v6-m/nofp/libg.a(libc_a-memcmp.o)
                              CMakeFiles/05-display.dir/Users/maksimkuzin/Repositories/pico/pico-sdk/src/rp2_common/pico_atomic/atomic.c.o (memcmp)
/Applications/ArmGNUToolchain/14.2.rel1/arm-none-eabi/bin/../lib/gcc/arm-none-eabi/14.2.1/../../../../arm-none-eabi/lib/thumb/v6-m/nofp/libg.a(libc_a-memmove.o)
                              /Applications/ArmGNUToolchain/14.2.rel1/arm-none-eabi/bin/../lib/gcc/arm-none-eabi/14.2.1/../../../../arm-none-eabi/lib/thumb/v6-m/nofp/libg.a(libc_a-reallocr.o) (memmove)
/Applications/ArmGNUToolchain/14.2.rel1/arm-none-eabi/bin/../lib/gcc/arm-none-eabi/14.2.1/../../../../arm-none-eabi/lib/thumb/v6-m/nofp/libg.a(libc_a-strchr.o)
                              CMakeFiles/05-display.dir/protocol-task/protocol-task.c.o (strchr)
/Applications/ArmGNUToolchain/14.2.rel1/arm-none-eabi/bin/../lib/gcc/arm-none-eabi/14.2.1/../../../../arm-none-eabi/lib/thumb/v6-m/nofp/libg.a(libc_a-lcltime_r.o)
                              CMakeFiles/05-display.dir/Users/maksimkuzin/Repositories/pico/pico-sdk/src/common/pico_util/datetime.c.o (localtime_r)
/Applications/ArmGNUToolchain/14.2.rel1/arm-none-eabi/bin/../lib/gcc/arm-none-eabi/14.2.1/../../../../arm-none-eabi/lib/thumb/v6-m/nofp/libg.a(libc_a-mktime.o)
[...]
Memory Configuration

Name             Origin             Length             Attributes
FLASH            0x10000000         0x00200000         xr
RAM              0x20000000         0x00040000         xrw
SCRATCH_X        0x20040000         0x00001000         xrw
SCRATCH_Y        0x20041000         0x00001000         xrw
*default*        0x00000000         0xffffffff

Linker script and memory map

LOAD /Applications/ArmGNUToolchain/14.2.rel1/arm-none-eabi/bin/../lib/gcc/arm-none-eabi/14.2.1/thumb/v6-m/nofp/crti.o
LOAD /Applications/ArmGNUToolchain/14.2.rel1/arm-none-eabi/bin/../lib/gcc/arm-none-eabi/14.2.1/thumb/v6-m/nofp/crtbegin.o
LOAD /Applications/ArmGNUToolchain/14.2.rel1/arm-none-eabi/bin/../lib/gcc/arm-none-eabi/14.2.1/../../../../arm-none-eabi/lib/thumb/v6-m/nofp/crt0.o

.flash_begin    0x10000000        0x0
                0x10000000                        __flash_binary_start = .

.boot2          0x10000000      0x100
                0x10000000                        __boot2_start__ = .
 *(.boot2)
 .boot2         0x10000000      0x100 pico-sdk/src/rp2040/boot_stage2/CMakeFiles/bs2_default_library.dir/bs2_default_padded_checksummed.S.o
                0x10000100                        __boot2_end__ = .
                0x00000001                        ASSERT (((__boot2_end__ - __boot2_start__) == 0x100), ERROR: Pico second stage bootloader must be 256 bytes in size)

.text           0x10000100     0xca94
                0x10000100                        __logical_binary_start = .
 *(.vectors)
 .vectors       0x10000100       0xd4 CMakeFiles/05-display.dir/Users/maksimkuzin/Repositories/pico/pico-sdk/src/rp2_common/pico_crt0/crt0.S.o
                0x10000100                __VECTOR_TABLE
                0x10000100                __vectors
                0x100001c0                isr_irq13
                0x100001c0                isr_irq27
                0x100001c0                isr_irq31
                0x100001c0                isr_irq5
                0x100001c0                isr_irq11
                0x100001c0                isr_irq23
                0x100001c0                isr_irq18
                0x100001c0                isr_irq9
                0x100001c0                __unhandled_user_irq
                0x100001c0                isr_irq25
                0x100001c0                isr_irq4
                0x100001c0                isr_irq16
                0x100001c0                isr_irq29
                0x100001c0                isr_irq26
                0x100001c0                isr_irq3
                0x100001c0                isr_irq12
                0x100001c0                isr_irq30
                0x100001c0                isr_irq28
                0x100001c0                isr_irq19
                0x100001c0                isr_irq0
                0x100001c0                isr_irq6
                0x100001c0                isr_irq22
                0x100001c0                isr_irq17
                0x100001c0                isr_irq14
                0x100001c0                __vectors_end
                0x100001c0                __default_isrs_start
                0x100001c0                isr_irq2
                0x100001c0                isr_irq10
                0x100001c0                isr_irq8
                0x100001c0                isr_irq24
                0x100001c0                isr_irq1
                0x100001c0                isr_irq7
                0x100001c0                isr_irq21
                0x100001c0                isr_irq20
                0x100001c0                isr_irq15
                0x100001c6                unhandled_user_irq_num_in_r0
                0x100001c8                isr_invalid
                0x100001ca                isr_nmi
                0x100001cc                isr_hardfault
                0x100001ce                isr_svcall
                0x100001d0                isr_pendsv
                0x100001d2                isr_systick
                0x100001d4                __default_isrs_end
 *(.binary_info_header)
 .binary_info_header
                0x100001d4       0x14 CMakeFiles/05-display.dir/Users/maksimkuzin/Repositories/pico/pico-sdk/src/rp2_common/pico_crt0/crt0.S.o
                0x100001e8                        __binary_info_header_end = .
 *(.embedded_block)
                0x100001e8                        __embedded_block_end = .
 *(.reset)
 .reset         0x100001e8       0x9c CMakeFiles/05-display.dir/Users/maksimkuzin/Repositories/pico/pico-sdk/src/rp2_common/pico_crt0/crt0.S.o
                0x100001e8                _entry_point
 *(.init)
 .init          0x10000284        0x4 /Applications/ArmGNUToolchain/14.2.rel1/arm-none-eabi/bin/../lib/gcc/arm-none-eabi/14.2.1/thumb/v6-m/nofp/crti.o
                0x10000284                _init
 *(EXCLUDE_FILE(*libm.a: *libc.a:*lib_a-mem*.o *libgcc.a:) .text*)
 .text.register_tm_clones
                0x10000288       0x28 /Applications/ArmGNUToolchain/14.2.rel1/arm-none-eabi/bin/../lib/gcc/arm-none-eabi/14.2.1/thumb/v6-m/nofp/crtbegin.o
 .text.frame_dummy
                0x100002b0       0x24 /Applications/ArmGNUToolchain/14.2.rel1/arm-none-eabi/bin/../lib/gcc/arm-none-eabi/14.2.1/thumb/v6-m/nofp/crtbegin.o
 .text.version_callback
                0x100002d4       0x1c CMakeFiles/05-display.dir/main.c.o
                0x100002d4                version_callback
 .text.led_on_callback
                0x100002f0        0xc CMakeFiles/05-display.dir/main.c.o
                0x100002f0                led_on_callback
 .text.led_off_callback
                0x100002fc        0xc CMakeFiles/05-display.dir/main.c.o
                0x100002fc                led_off_callback
 .text.led_blink_callback
                0x10000308        0xc CMakeFiles/05-display.dir/main.c.o
                0x10000308                led_blink_callback
 .text.help_callback
                0x10000314       0x98 CMakeFiles/05-display.dir/main.c.o
                0x10000314                help_callback
 .text.led_blink_set_period_ms_callback
                0x100003ac       0x30 CMakeFiles/05-display.dir/main.c.o
                0x100003ac                led_blink_set_period_ms_callback
 .text.mem_callback
                0x100003dc       0x28 CMakeFiles/05-display.dir/main.c.o
                0x100003dc                mem_callback
 .text.wmem_callback
                0x10000404       0x40 CMakeFiles/05-display.dir/main.c.o
                0x10000404                wmem_callback
 .text.startup.main
                0x10000444       0x24 CMakeFiles/05-display.dir/main.c.o
                0x10000444                main
 .text.stdio_task_init
                0x10000468       0x14 CMakeFiles/05-display.dir/stdio-task/stdio-task.c.o
                0x10000468                stdio_task_init
 .text.stdio_task_handle
                0x1000047c       0x58 CMakeFiles/05-display.dir/stdio-task/stdio-task.c.o
                0x1000047c                stdio_task_handle
 .text.protocol_task_init
                0x100004d4       0x30 CMakeFiles/05-display.dir/protocol-task/protocol-task.c.o
                0x100004d4                protocol_task_init
 .text.protocol_task_handle
                0x10000504       0x7c CMakeFiles/05-display.dir/protocol-task/protocol-task.c.o
                0x10000504                protocol_task_handle
 .text.led_task_init
                0x10000580       0x30 CMakeFiles/05-display.dir/led-task/led-task.c.o
                0x10000580                led_task_init
 .text.led_task_handle
                0x100005b0       0x74 CMakeFiles/05-display.dir/led-task/led-task.c.o
                0x100005b0                led_task_handle
 .text.led_task_state_set
                0x10000624        0xc CMakeFiles/05-display.dir/led-task/led-task.c.o
                0x10000624                led_task_state_set
 .text.led_task_set_blink_period_ms
                0x10000630       0x14 CMakeFiles/05-display.dir/led-task/led-task.c.o
                0x10000630                led_task_set_blink_period_ms
 .text.mem      0x10000644       0x14 CMakeFiles/05-display.dir/mem-wmem-task/mem-wmem-task.c.o
                0x10000644                mem
 .text.wmem     0x10000658       0x18 CMakeFiles/05-display.dir/mem-wmem-task/mem-wmem-task.c.o
                0x10000658                wmem
 .text.gpio_init
                0x10000670       0x40 CMakeFiles/05-display.dir/Users/maksimkuzin/Repositories/pico/pico-sdk/src/rp2_common/hardware_gpio/gpio.c.o
                0x10000670                gpio_init
 .text.rp2040_chip_version
                0x100006b0        0xc CMakeFiles/05-display.dir/Users/maksimkuzin/Repositories/pico/pico-sdk/src/rp2040/pico_platform/platform.c.o
                0x100006b0                rp2040_chip_version
 .text.panic    0x100006bc       0x30 CMakeFiles/05-display.dir/Users/maksimkuzin/Repositories/pico/pico-sdk/src/rp2_common/pico_platform_panic/panic.c.o
                0x100006bc                panic
 .text.hw_claim_or_assert
                0x100006ec       0x44 CMakeFiles/05-display.dir/Users/maksimkuzin/Repositories/pico/pico-sdk/src/common/hardware_claim/claim.c.o
                0x100006ec                hw_claim_or_assert
 .text.hw_claim_unused_from_range
                0x10000730       0x88 CMakeFiles/05-display.dir/Users/maksimkuzin/Repositories/pico/pico-sdk/src/common/hardware_claim/claim.c.o
                0x10000730                hw_claim_unused_from_range
 .text.next_striped_spin_lock_num
                0x100007b8       0x18 CMakeFiles/05-display.dir/Users/maksimkuzin/Repositories/pico/pico-sdk/src/rp2_common/hardware_sync/sync.c.o
                0x100007b8                next_striped_spin_lock_num
 .text.spin_lock_claim_unused
                0x100007d0       0x24 CMakeFiles/05-display.dir/Users/maksimkuzin/Repositories/pico/pico-sdk/src/rp2_common/hardware_sync/sync.c.o
                0x100007d0                spin_lock_claim_unused
 .text.spin_locks_reset
                0x100007f4       0x1c CMakeFiles/05-display.dir/Users/maksimkuzin/Repositories/pico/pico-sdk/src/rp2_common/hardware_sync_spin_lock/sync_spin_lock.c.o
                0x100007f4                spin_locks_reset
 .text.runtime_init_per_core_irq_priorities
                0x10000810       0x24 CMakeFiles/05-display.dir/Users/maksimkuzin/Repositories/pico/pico-sdk/src/rp2_common/hardware_irq/irq.c.o
                0x10000810                runtime_init_per_core_irq_priorities
 .text.irq_set_enabled
                0x10000834       0x24 CMakeFiles/05-display.dir/Users/maksimkuzin/Repositories/pico/pico-sdk/src/rp2_common/hardware_irq/irq.c.o
                0x10000834                irq_set_enabled
 .text.irq_is_enabled
                0x10000858       0x18 CMakeFiles/05-display.dir/Users/maksimkuzin/Repositories/pico/pico-sdk/src/rp2_common/hardware_irq/irq.c.o
                0x10000858                irq_is_enabled
 .text.irq_set_pending
                0x10000870       0x10 CMakeFiles/05-display.dir/Users/maksimkuzin/Repositories/pico/pico-sdk/src/rp2_common/hardware_irq/irq.c.o
                0x10000870                irq_set_pending
 .text.irq_has_shared_handler
                0x10000880       0x24 CMakeFiles/05-display.dir/Users/maksimkuzin/Repositories/pico/pico-sdk/src/rp2_common/hardware_irq/irq.c.o
                0x10000880                irq_has_shared_handler
 .text.irq_set_exclusive_handler
                0x100008a4       0x54 CMakeFiles/05-display.dir/Users/maksimkuzin/Repositories/pico/pico-sdk/src/rp2_common/hardware_irq/irq.c.o
                0x100008a4                irq_set_exclusive_handler
 .text.irq_add_shared_handler
                0x100008f8      0x1f4 CMakeFiles/05-display.dir/Users/maksimkuzin/Repositories/pico/pico-sdk/src/rp2_common/hardware_irq/irq.c.o
                0x100008f8                irq_add_shared_handler
 .text.irq_add_tail_to_free_list
                0x10000aec       0xb4 CMakeFiles/05-display.dir/Users/maksimkuzin/Repositories/pico/pico-sdk/src/rp2_common/hardware_irq/irq.c.o
                0x10000aec                irq_add_tail_to_free_list
 .text.user_irq_claim_unused
                0x10000ba0       0x2c CMakeFiles/05-display.dir/Users/maksimkuzin/Repositories/pico/pico-sdk/src/rp2_common/hardware_irq/irq.c.o
                0x10000ba0                user_irq_claim_unused
 .text.lock_init
                0x10000bcc       0x10 CMakeFiles/05-display.dir/Users/maksimkuzin/Repositories/pico/pico-sdk/src/common/pico_sync/lock_core.c.o
                0x10000bcc                lock_init
 .text.runtime_init_mutex
                0x10000bdc       0x50 CMakeFiles/05-display.dir/Users/maksimkuzin/Repositories/pico/pico-sdk/src/common/pico_sync/mutex.c.o
                0x10000bdc                runtime_init_mutex
 .text.mutex_init
                0x10000c2c       0x1c CMakeFiles/05-display.dir/Users/maksimkuzin/Repositories/pico/pico-sdk/src/common/pico_sync/mutex.c.o
                0x10000c2c                mutex_init
 .text.critical_section_init
                0x10000c48       0x1c CMakeFiles/05-display.dir/Users/maksimkuzin/Repositories/pico/pico-sdk/src/common/pico_sync/critical_section.c.o
                0x10000c48                critical_section_init
 .text.critical_section_init_with_lock_num
                0x10000c64       0x14 CMakeFiles/05-display.dir/Users/maksimkuzin/Repositories/pico/pico-sdk/src/common/pico_sync/critical_section.c.o
                0x10000c64                critical_section_init_with_lock_num
 .text.sleep_until_callback
                0x10000c78       0x30 CMakeFiles/05-display.dir/Users/maksimkuzin/Repositories/pico/pico-sdk/src/common/pico_time/time.c.o
 .text.alarm_pool_irq_handler
                0x10000ca8      0x300 CMakeFiles/05-display.dir/Users/maksimkuzin/Repositories/pico/pico-sdk/src/common/pico_time/time.c.o
 .text.runtime_init_default_alarm_pool
                0x10000fa8       0xdc CMakeFiles/05-display.dir/Users/maksimkuzin/Repositories/pico/pico-sdk/src/common/pico_time/time.c.o
                0x10000fa8                runtime_init_default_alarm_pool
 .text.alarm_pool_get_default
                0x10001084        0x8 CMakeFiles/05-display.dir/Users/maksimkuzin/Repositories/pico/pico-sdk/src/common/pico_time/time.c.o
                0x10001084                alarm_pool_get_default
 .text.alarm_pool_add_alarm_at
                0x1000108c       0xd0 CMakeFiles/05-display.dir/Users/maksimkuzin/Repositories/pico/pico-sdk/src/common/pico_time/time.c.o
                0x1000108c                alarm_pool_add_alarm_at
 .text.alarm_pool_add_alarm_at_force_in_context
                0x1000115c       0xb0 CMakeFiles/05-display.dir/Users/maksimkuzin/Repositories/pico/pico-sdk/src/common/pico_time/time.c.o
                0x1000115c                alarm_pool_add_alarm_at_force_in_context
 .text.alarm_pool_cancel_alarm
                0x1000120c       0x74 CMakeFiles/05-display.dir/Users/maksimkuzin/Repositories/pico/pico-sdk/src/common/pico_time/time.c.o
                0x1000120c                alarm_pool_cancel_alarm
 .text.alarm_pool_core_num
                0x10001280        0x4 CMakeFiles/05-display.dir/Users/maksimkuzin/Repositories/pico/pico-sdk/src/common/pico_time/time.c.o
                0x10001280                alarm_pool_core_num
 .text.best_effort_wfe_or_timeout
                0x10001284      0x10c CMakeFiles/05-display.dir/Users/maksimkuzin/Repositories/pico/pico-sdk/src/common/pico_time/time.c.o
                0x10001284                best_effort_wfe_or_timeout
 .text.timer_hardware_alarm_claim
                0x10001390       0x14 CMakeFiles/05-display.dir/Users/maksimkuzin/Repositories/pico/pico-sdk/src/rp2_common/hardware_timer/timer.c.o
                0x10001390                timer_hardware_alarm_claim
 .text.timer_time_us_64
                0x100013a4       0x10 CMakeFiles/05-display.dir/Users/maksimkuzin/Repositories/pico/pico-sdk/src/rp2_common/hardware_timer/timer.c.o
                0x100013a4                timer_time_us_64
 .text.time_us_64
                0x100013b4       0x14 CMakeFiles/05-display.dir/Users/maksimkuzin/Repositories/pico/pico-sdk/src/rp2_common/hardware_timer/timer.c.o
                0x100013b4                time_us_64
 .text.busy_wait_us
                0x100013c8       0x68 CMakeFiles/05-display.dir/Users/maksimkuzin/Repositories/pico/pico-sdk/src/rp2_common/hardware_timer/timer.c.o
                0x100013c8                busy_wait_us
 .text.clock_configure_int_divider
                0x10001430       0xf4 CMakeFiles/05-display.dir/Users/maksimkuzin/Repositories/pico/pico-sdk/src/rp2_common/hardware_clocks/clocks.c.o
                0x10001430                clock_configure_int_divider
 .text.clock_configure_undivided
                0x10001524       0xe8 CMakeFiles/05-display.dir/Users/maksimkuzin/Repositories/pico/pico-sdk/src/rp2_common/hardware_clocks/clocks.c.o
                0x10001524                clock_configure_undivided
 .text.clock_get_hz
                0x1000160c        0xc CMakeFiles/05-display.dir/Users/maksimkuzin/Repositories/pico/pico-sdk/src/rp2_common/hardware_clocks/clocks.c.o
                0x1000160c                clock_get_hz
 .text.pll_init
                0x10001618       0xa4 CMakeFiles/05-display.dir/Users/maksimkuzin/Repositories/pico/pico-sdk/src/rp2_common/hardware_pll/pll.c.o
                0x10001618                pll_init
 .text.watchdog_reboot
                0x100016bc       0x9c CMakeFiles/05-display.dir/Users/maksimkuzin/Repositories/pico/pico-sdk/src/rp2_common/hardware_watchdog/watchdog.c.o
                0x100016bc                watchdog_reboot
 .text.tick_start
                0x10001758       0x10 CMakeFiles/05-display.dir/Users/maksimkuzin/Repositories/pico/pico-sdk/src/rp2_common/hardware_ticks/ticks.c.o
                0x10001758                tick_start
 .text.rom_func_lookup
                0x10001768       0x10 CMakeFiles/05-display.dir/Users/maksimkuzin/Repositories/pico/pico-sdk/src/rp2_common/pico_bootrom/bootrom.c.o
                0x10001768                rom_func_lookup
 .text.rom_data_lookup
                0x10001778       0x10 CMakeFiles/05-display.dir/Users/maksimkuzin/Repositories/pico/pico-sdk/src/rp2_common/pico_bootrom/bootrom.c.o
                0x10001778                rom_data_lookup
 .text.rom_funcs_lookup
                0x10001788       0x44 CMakeFiles/05-display.dir/Users/maksimkuzin/Repositories/pico/pico-sdk/src/rp2_common/pico_bootrom/bootrom.c.o
                0x10001788                rom_funcs_lookup
 .text.rom_reset_usb_boot_extra
                0x100017cc       0x24 CMakeFiles/05-display.dir/Users/maksimkuzin/Repositories/pico/pico-sdk/src/rp2_common/pico_bootrom/bootrom.c.o
                0x100017cc                rom_reset_usb_boot_extra
 .text.xosc_init
                0x100017f0       0x28 CMakeFiles/05-display.dir/Users/maksimkuzin/Repositories/pico/pico-sdk/src/rp2_common/hardware_xosc/xosc.c.o
                0x100017f0                xosc_init
 .text.first_per_core_initializer
                0x10001818        0x4 CMakeFiles/05-display.dir/Users/maksimkuzin/Repositories/pico/pico-sdk/src/rp2_common/pico_runtime/runtime.c.o
 .text.hard_assertion_failure
                0x1000181c        0xc CMakeFiles/05-display.dir/Users/maksimkuzin/Repositories/pico/pico-sdk/src/rp2_common/pico_runtime/runtime.c.o
                0x1000181c                hard_assertion_failure
 .text.runtime_run_initializers
                0x10001828       0x28 CMakeFiles/05-display.dir/Users/maksimkuzin/Repositories/pico/pico-sdk/src/rp2_common/pico_runtime/runtime.c.o
                0x10001828                runtime_run_initializers
 .text.runtime_init_early_resets
                0x10001850       0x2c CMakeFiles/05-display.dir/Users/maksimkuzin/Repositories/pico/pico-sdk/src/rp2_common/pico_runtime_init/runtime_init.c.o
                0x10001850                runtime_init_early_resets
 .text.runtime_init_usb_power_down
                0x1000187c       0x1c CMakeFiles/05-display.dir/Users/maksimkuzin/Repositories/pico/pico-sdk/src/rp2_common/pico_runtime_init/runtime_init.c.o
                0x1000187c                runtime_init_usb_power_down
 .text.runtime_init_post_clock_resets
                0x10001898       0x20 CMakeFiles/05-display.dir/Users/maksimkuzin/Repositories/pico/pico-sdk/src/rp2_common/pico_runtime_init/runtime_init.c.o
                0x10001898                runtime_init_post_clock_resets
 .text.runtime_init_rp2040_gpio_ie_disable
                0x100018b8       0x14 CMakeFiles/05-display.dir/Users/maksimkuzin/Repositories/pico/pico-sdk/src/rp2_common/pico_runtime_init/runtime_init.c.o
                0x100018b8                runtime_init_rp2040_gpio_ie_disable
 .text.runtime_init_spin_locks_reset
                0x100018cc        0x8 CMakeFiles/05-display.dir/Users/maksimkuzin/Repositories/pico/pico-sdk/src/rp2_common/pico_runtime_init/runtime_init.c.o
                0x100018cc                runtime_init_spin_locks_reset
 .text.runtime_init_install_ram_vector_table
                0x100018d4       0xb4 CMakeFiles/05-display.dir/Users/maksimkuzin/Repositories/pico/pico-sdk/src/rp2_common/pico_runtime_init/runtime_init.c.o
                0x100018d4                runtime_init_install_ram_vector_table
 .text.runtime_init_clocks
                0x10001988       0xd8 CMakeFiles/05-display.dir/Users/maksimkuzin/Repositories/pico/pico-sdk/src/rp2_common/pico_runtime_init/runtime_init_clocks.c.o
                0x10001988                runtime_init_clocks
 .text          0x10001a60       0x10 CMakeFiles/05-display.dir/Users/maksimkuzin/Repositories/pico/pico-sdk/src/rp2_common/pico_bit_ops/bit_ops_aeabi.S.o
 .text.__wrap___aeabi_idiv
                0x10001a70       0x50 CMakeFiles/05-display.dir/Users/maksimkuzin/Repositories/pico/pico-sdk/src/rp2_common/pico_divider/divider_hardware.S.o
                0x10001a70                __wrap___aeabi_idivmod
                0x10001a70                divmod_s32s32
                0x10001a70                div_s32s32
                0x10001a70                __wrap___aeabi_idiv
                0x10001a78                divmod_s32s32_unsafe
                0x10001aa4                divmod_s32s32_savestate
 .text.__wrap___aeabi_uidiv
                0x10001ac0       0x4c CMakeFiles/05-display.dir/Users/maksimkuzin/Repositories/pico/pico-sdk/src/rp2_common/pico_divider/divider_hardware.S.o
                0x10001ac0                __wrap___aeabi_uidiv
                0x10001ac0                __wrap___aeabi_uidivmod
                0x10001ac0                div_u32u32
                0x10001ac0                divmod_u32u32
                0x10001ac8                divmod_u32u32_unsafe
                0x10001af0                divmod_u32u32_savestate
 .text.__wrap___aeabi_ldiv
                0x10001b0c      0x424 CMakeFiles/05-display.dir/Users/maksimkuzin/Repositories/pico/pico-sdk/src/rp2_common/pico_divider/divider_hardware.S.o
                0x10001b0c                __wrap___aeabi_ldivmod
                0x10001b0c                div_s64s64
                0x10001b0c                divmod_s64s64
                0x10001b3c                divmod_u64u64
                0x10001b3c                div_u64u64
                0x10001b3c                __wrap___aeabi_uldivmod
                0x10001b4c                divmod_u64u64_savestate
                0x10001b6c                divmod_s64s64_unsafe
                0x10001bf4                divmod_u64u64_unsafe
 .text.__wrap___aeabi_darithmetic
                0x10001f30       0x80 CMakeFiles/05-display.dir/Users/maksimkuzin/Repositories/pico/pico-sdk/src/rp2_common/pico_double/double_aeabi_rp2040.S.o
                0x10001f30                __wrap___aeabi_drsub
                0x10001f36                __wrap___aeabi_dsub
                0x10001f48                __wrap___aeabi_dadd
                0x10001f5a                __wrap___aeabi_ddiv
                0x10001f96                __wrap___aeabi_dmul
 .text.__wrap___aeabi_cdcmple
                0x10001fb0       0x6c CMakeFiles/05-display.dir/Users/maksimkuzin/Repositories/pico/pico-sdk/src/rp2_common/pico_double/double_aeabi_rp2040.S.o
                0x10001fb0                __wrap___aeabi_cdrcmple
                0x10001fc0                __wrap___aeabi_cdcmple
                0x10001fc0                __wrap___aeabi_cdcmpeq
 .text.__wrap___aeabi_dcmpeq
                0x1000201c       0x10 CMakeFiles/05-display.dir/Users/maksimkuzin/Repositories/pico/pico-sdk/src/rp2_common/pico_double/double_aeabi_rp2040.S.o
                0x1000201c                __wrap___aeabi_dcmpeq
 .text.__wrap___aeabi_dcmplt
                0x1000202c        0xc CMakeFiles/05-display.dir/Users/maksimkuzin/Repositories/pico/pico-sdk/src/rp2_common/pico_double/double_aeabi_rp2040.S.o
                0x1000202c                __wrap___aeabi_dcmplt
 .text.__wrap___aeabi_dcmple
                0x10002038       0x10 CMakeFiles/05-display.dir/Users/maksimkuzin/Repositories/pico/pico-sdk/src/rp2_common/pico_double/double_aeabi_rp2040.S.o
                0x10002038                __wrap___aeabi_dcmple
 .text.__wrap___aeabi_dcmpge
                0x10002048       0x10 CMakeFiles/05-display.dir/Users/maksimkuzin/Repositories/pico/pico-sdk/src/rp2_common/pico_double/double_aeabi_rp2040.S.o
                0x10002048                __wrap___aeabi_dcmpge
 .text.__wrap___aeabi_dcmpgt
                0x10002058        0xa CMakeFiles/05-display.dir/Users/maksimkuzin/Repositories/pico/pico-sdk/src/rp2_common/pico_double/double_aeabi_rp2040.S.o
                0x10002058                __wrap___aeabi_dcmpgt
 .text.__wrap___aeabi_dcmpun
                0x10002062       0x18 CMakeFiles/05-display.dir/Users/maksimkuzin/Repositories/pico/pico-sdk/src/rp2_common/pico_double/double_aeabi_rp2040.S.o
                0x10002062                __wrap___aeabi_dcmpun
 *fill*         0x1000207a        0x2 
 .text.__wrap___aeabi_i2d
                0x1000207c       0x38 CMakeFiles/05-display.dir/Users/maksimkuzin/Repositories/pico/pico-sdk/src/rp2_common/pico_double/double_aeabi_rp2040.S.o
                0x1000207c                __wrap___aeabi_ui2d
                0x1000207c                uint2double
                0x10002084                __wrap___aeabi_i2d
                0x10002084                int2double
 .text.__wrap___aeabi_d2iz
                0x100020b4       0x48 CMakeFiles/05-display.dir/Users/maksimkuzin/Repositories/pico/pico-sdk/src/rp2_common/pico_double/double_aeabi_rp2040.S.o
                0x100020b4                __wrap___aeabi_d2iz
                0x100020b4                double2int_z
 .text.__wrap___aeabi_d2uiz
                0x100020fc       0x18 CMakeFiles/05-display.dir/Users/maksimkuzin/Repositories/pico/pico-sdk/src/rp2_common/pico_double/double_aeabi_rp2040.S.o
                0x100020fc                double2uint_z
                0x100020fc                double2uint
                0x100020fc                __wrap___aeabi_d2uiz
 .text.__wrap___aeabi_l2d
                0x10002114       0x18 CMakeFiles/05-display.dir/Users/maksimkuzin/Repositories/pico/pico-sdk/src/rp2_common/pico_double/double_aeabi_rp2040.S.o
                0x10002114                __wrap___aeabi_l2d
                0x10002114                int642double
 .text.__wrap___aeabi_d2lz
                0x1000212c       0x26 CMakeFiles/05-display.dir/Users/maksimkuzin/Repositories/pico/pico-sdk/src/rp2_common/pico_double/double_aeabi_rp2040.S.o
                0x1000212c                __wrap___aeabi_d2lz
                0x1000212c                double2int64_z
 *fill*         0x10002152        0x2 
 .text.double2int64
                0x10002154       0x18 CMakeFiles/05-display.dir/Users/maksimkuzin/Repositories/pico/pico-sdk/src/rp2_common/pico_double/double_aeabi_rp2040.S.o
                0x10002154                double2int64
 .text.double2ufix64
                0x1000216c       0x18 CMakeFiles/05-display.dir/Users/maksimkuzin/Repositories/pico/pico-sdk/src/rp2_common/pico_double/double_aeabi_rp2040.S.o
                0x1000216c                double2ufix64
                0x1000216c                double2ufix64_z
 .text.__wrap___aeabi_d2f
                0x10002184       0x18 CMakeFiles/05-display.dir/Users/maksimkuzin/Repositories/pico/pico-sdk/src/rp2_common/pico_double/double_aeabi_rp2040.S.o
                0x10002184                __wrap___aeabi_d2f
 .text.__aeabi_double_init
                0x1000219c       0xa4 CMakeFiles/05-display.dir/Users/maksimkuzin/Repositories/pico/pico-sdk/src/rp2_common/pico_double/double_init_rom_rp2040.c.o
                0x1000219c                __aeabi_double_init
 .text.double_table_shim_on_use_helper
                0x10002240       0x2c CMakeFiles/05-display.dir/Users/maksimkuzin/Repositories/pico/pico-sdk/src/rp2_common/pico_double/double_v1_rom_shim_rp2040.S.o
                0x10002240                double_table_shim_on_use_helper
 .text.__wrap___aeabi_dsub
                0x1000226c       0x10 CMakeFiles/05-display.dir/Users/maksimkuzin/Repositories/pico/pico-sdk/src/rp2_common/pico_double/double_v1_rom_shim_rp2040.S.o
                0x1000226c                drsub_shim
                0x10002272                dsub_shim
 .text.dadd_shim
                0x1000227c      0x15c CMakeFiles/05-display.dir/Users/maksimkuzin/Repositories/pico/pico-sdk/src/rp2_common/pico_double/double_v1_rom_shim_rp2040.S.o
                0x1000227c                dadd_shim
 .text.dmul_shim
                0x100023d8      0x15c CMakeFiles/05-display.dir/Users/maksimkuzin/Repositories/pico/pico-sdk/src/rp2_common/pico_double/double_v1_rom_shim_rp2040.S.o
                0x100023d8                dmul_shim
 .text.ddiv_shim
                0x10002534      0x1b0 CMakeFiles/05-display.dir/Users/maksimkuzin/Repositories/pico/pico-sdk/src/rp2_common/pico_double/double_v1_rom_shim_rp2040.S.o
                0x10002534                ddiv_shim
 .text.double2uint_shim
                0x100026e4        0xe CMakeFiles/05-display.dir/Users/maksimkuzin/Repositories/pico/pico-sdk/src/rp2_common/pico_double/double_v1_rom_shim_rp2040.S.o
                0x100026e4                double2uint_shim
                0x100026e6                double2ufix_shim
 .text.double2int64_shim
                0x100026f2       0x1a CMakeFiles/05-display.dir/Users/maksimkuzin/Repositories/pico/pico-sdk/src/rp2_common/pico_double/double_v1_rom_shim_rp2040.S.o
                0x100026f2                double2int64_shim
                0x100026f4                double2fix64_shim
 .text.double2uint64_shim
                0x1000270c       0x70 CMakeFiles/05-display.dir/Users/maksimkuzin/Repositories/pico/pico-sdk/src/rp2_common/pico_double/double_v1_rom_shim_rp2040.S.o
                0x1000270c                double2uint64_shim
                0x1000270e                double2ufix64_shim
                0x1000272e                d2fix_a
 .text.double2float_shim
                0x1000277c       0x5c CMakeFiles/05-display.dir/Users/maksimkuzin/Repositories/pico/pico-sdk/src/rp2_common/pico_double/double_v1_rom_shim_rp2040.S.o
                0x1000277c                double2float_shim
 .text.x2double_shims
                0x100027d8       0x90 CMakeFiles/05-display.dir/Users/maksimkuzin/Repositories/pico/pico-sdk/src/rp2_common/pico_double/double_v1_rom_shim_rp2040.S.o
                0x100027d8                uint2double_shim
                0x100027da                ufix2double_shim
                0x100027e0                int2double_shim
                0x100027e2                fix2double_shim
                0x100027e8                uint642double_shim
                0x100027ea                ufix642double_shim
                0x100027f0                int642double_shim
                0x100027f2                fix642double_shim
 .text.dunpacks
                0x10002868       0x3c CMakeFiles/05-display.dir/Users/maksimkuzin/Repositories/pico/pico-sdk/src/rp2_common/pico_double/double_v1_rom_shim_rp2040.S.o
                0x10002868                dunpacks
 .text.__aeabi_lmul
                0x100028a4       0x32 CMakeFiles/05-display.dir/Users/maksimkuzin/Repositories/pico/pico-sdk/src/rp2_common/pico_int64_ops/pico_int64_ops_aeabi.S.o
                0x100028a4                __wrap___aeabi_lmul
 *fill*         0x100028d6        0x2 
 .text.__aeabi_float_init
                0x100028d8       0x64 CMakeFiles/05-display.dir/Users/maksimkuzin/Repositories/pico/pico-sdk/src/rp2_common/pico_float/float_init_rom_rp2040.c.o
                0x100028d8                __aeabi_float_init
 .text.float_table_shim_on_use_helper
                0x1000293c       0x2c CMakeFiles/05-display.dir/Users/maksimkuzin/Repositories/pico/pico-sdk/src/rp2_common/pico_float/float_v1_rom_shim_rp2040.S.o
                0x1000293c                float_table_shim_on_use_helper
 .text.__wrap_malloc
                0x10002968       0x24 CMakeFiles/05-display.dir/Users/maksimkuzin/Repositories/pico/pico-sdk/src/rp2_common/pico_malloc/malloc.c.o
                0x10002968                __wrap_malloc
 .text.__wrap_realloc
                0x1000298c       0x24 CMakeFiles/05-display.dir/Users/maksimkuzin/Repositories/pico/pico-sdk/src/rp2_common/pico_malloc/malloc.c.o
                0x1000298c                __wrap_realloc
 .text.__wrap_free
                0x100029b0        0x8 CMakeFiles/05-display.dir/Users/maksimkuzin/Repositories/pico/pico-sdk/src/rp2_common/pico_malloc/malloc.c.o
                0x100029b0                __wrap_free
 .text          0x100029b8       0x10 CMakeFiles/05-display.dir/Users/maksimkuzin/Repositories/pico/pico-sdk/src/rp2_common/pico_mem_ops/mem_ops_aeabi.S.o
                0x100029b8                __aeabi_mem_init
 .text.memset   0x100029c8        0xc CMakeFiles/05-display.dir/Users/maksimkuzin/Repositories/pico/pico-sdk/src/rp2_common/pico_mem_ops/mem_ops_aeabi.S.o
                0x100029c8                __wrap_memset
 .text.memcpy   0x100029d4        0xc CMakeFiles/05-display.dir/Users/maksimkuzin/Repositories/pico/pico-sdk/src/rp2_common/pico_mem_ops/mem_ops_aeabi.S.o
                0x100029d4                __wrap___aeabi_memcpy
                0x100029d4                __wrap_memcpy
 .text._out_buffer
                0x100029e0        0x8 CMakeFiles/05-display.dir/Users/maksimkuzin/Repositories/pico/pico-sdk/src/rp2_common/pico_printf/printf.c.o
 .text._out_null
                0x100029e8        0x4 CMakeFiles/05-display.dir/Users/maksimkuzin/Repositories/pico/pico-sdk/src/rp2_common/pico_printf/printf.c.o
 .text._out_rev
                0x100029ec       0xac CMakeFiles/05-display.dir/Users/maksimkuzin/Repositories/pico/pico-sdk/src/rp2_common/pico_printf/printf.c.o
 .text._ntoa_format
                0x10002a98      0x1cc CMakeFiles/05-display.dir/Users/maksimkuzin/Repositories/pico/pico-sdk/src/rp2_common/pico_printf/printf.c.o
 .text._out_char
                0x10002c64       0x10 CMakeFiles/05-display.dir/Users/maksimkuzin/Repositories/pico/pico-sdk/src/rp2_common/pico_printf/printf.c.o
 .text._out_fct
                0x10002c74       0x10 CMakeFiles/05-display.dir/Users/maksimkuzin/Repositories/pico/pico-sdk/src/rp2_common/pico_printf/printf.c.o
 .text._ftoa    0x10002c84      0x4a8 CMakeFiles/05-display.dir/Users/maksimkuzin/Repositories/pico/pico-sdk/src/rp2_common/pico_printf/printf.c.o
 .text._etoa    0x1000312c      0x57c CMakeFiles/05-display.dir/Users/maksimkuzin/Repositories/pico/pico-sdk/src/rp2_common/pico_printf/printf.c.o
 .text._vsnprintf
                0x100036a8      0xbe0 CMakeFiles/05-display.dir/Users/maksimkuzin/Repositories/pico/pico-sdk/src/rp2_common/pico_printf/printf.c.o
 .text.__wrap_sprintf
                0x10004288       0x2c CMakeFiles/05-display.dir/Users/maksimkuzin/Repositories/pico/pico-sdk/src/rp2_common/pico_printf/printf.c.o
                0x10004288                __wrap_sprintf
 .text.vfctprintf
                0x100042b4       0x24 CMakeFiles/05-display.dir/Users/maksimkuzin/Repositories/pico/pico-sdk/src/rp2_common/pico_printf/printf.c.o
                0x100042b4                vfctprintf
 .text.weak_raw_printf
                0x100042d8       0x40 CMakeFiles/05-display.dir/Users/maksimkuzin/Repositories/pico/pico-sdk/src/rp2_common/pico_printf/printf.c.o
                0x100042d8                weak_raw_printf
 .text.weak_raw_vprintf
                0x10004318       0x30 CMakeFiles/05-display.dir/Users/maksimkuzin/Repositories/pico/pico-sdk/src/rp2_common/pico_printf/printf.c.o
                0x10004318                weak_raw_vprintf
 .text._exit    0x10004348        0x4 CMakeFiles/05-display.dir/Users/maksimkuzin/Repositories/pico/pico-sdk/src/rp2_common/pico_clib_interface/newlib_interface.c.o
                0x10004348                _exit
 .text._sbrk    0x1000434c       0x34 CMakeFiles/05-display.dir/Users/maksimkuzin/Repositories/pico/pico-sdk/src/rp2_common/pico_clib_interface/newlib_interface.c.o
                0x1000434c                _sbrk
 .text.exit     0x10004380        0x8 CMakeFiles/05-display.dir/Users/maksimkuzin/Repositories/pico/pico-sdk/src/rp2_common/pico_clib_interface/newlib_interface.c.o
                0x10004380                exit
 .text.__assert_func
                0x10004388       0x38 CMakeFiles/05-display.dir/Users/maksimkuzin/Repositories/pico/pico-sdk/src/rp2_common/pico_clib_interface/newlib_interface.c.o
                0x10004388                __assert_func
 .text.runtime_init
                0x100043c0       0x2c CMakeFiles/05-display.dir/Users/maksimkuzin/Repositories/pico/pico-sdk/src/rp2_common/pico_clib_interface/newlib_interface.c.o
                0x100043c0                runtime_init
 .text.stdio_out_chars_no_crlf
                0x100043ec       0x10 CMakeFiles/05-display.dir/Users/maksimkuzin/Repositories/pico/pico-sdk/src/rp2_common/pico_stdio/stdio.c.o
 .text.stdio_out_chars_crlf
                0x100043fc       0xb0 CMakeFiles/05-display.dir/Users/maksimkuzin/Repositories/pico/pico-sdk/src/rp2_common/pico_stdio/stdio.c.o
 .text.stdio_buffered_printer
                0x100044ac       0x64 CMakeFiles/05-display.dir/Users/maksimkuzin/Repositories/pico/pico-sdk/src/rp2_common/pico_stdio/stdio.c.o
 .text.stdio_put_string
                0x10004510       0xfc CMakeFiles/05-display.dir/Users/maksimkuzin/Repositories/pico/pico-sdk/src/rp2_common/pico_stdio/stdio.c.o
                0x10004510                stdio_put_string
 .text.stdio_set_driver_enabled
                0x1000460c       0x30 CMakeFiles/05-display.dir/Users/maksimkuzin/Repositories/pico/pico-sdk/src/rp2_common/pico_stdio/stdio.c.o
                0x1000460c                stdio_set_driver_enabled
 .text.stdio_init_all
                0x1000463c        0x8 CMakeFiles/05-display.dir/Users/maksimkuzin/Repositories/pico/pico-sdk/src/rp2_common/pico_stdio/stdio.c.o
                0x1000463c                stdio_init_all
 .text.stdio_getchar_timeout_us
                0x10004644       0x98 CMakeFiles/05-display.dir/Users/maksimkuzin/Repositories/pico/pico-sdk/src/rp2_common/pico_stdio/stdio.c.o
                0x10004644                stdio_getchar_timeout_us
 .text.__wrap_putchar
                0x100046dc       0x94 CMakeFiles/05-display.dir/Users/maksimkuzin/Repositories/pico/pico-sdk/src/rp2_common/pico_stdio/stdio.c.o
                0x100046dc                stdio_putchar
                0x100046dc                __wrap_putchar
 .text.__wrap_puts
                0x10004770       0x3c CMakeFiles/05-display.dir/Users/maksimkuzin/Repositories/pico/pico-sdk/src/rp2_common/pico_stdio/stdio.c.o
                0x10004770                __wrap_puts
                0x10004770                stdio_puts
 .text.__wrap_vprintf
                0x100047ac       0xcc CMakeFiles/05-display.dir/Users/maksimkuzin/Repositories/pico/pico-sdk/src/rp2_common/pico_stdio/stdio.c.o
                0x100047ac                __wrap_vprintf
                0x100047ac                stdio_vprintf
 .text.__wrap_printf
                0x10004878       0x18 CMakeFiles/05-display.dir/Users/maksimkuzin/Repositories/pico/pico-sdk/src/rp2_common/pico_stdio/stdio.c.o
                0x10004878                stdio_printf
                0x10004878                __wrap_printf
 .text.resetd_init
                0x10004890        0x4 CMakeFiles/05-display.dir/Users/maksimkuzin/Repositories/pico/pico-sdk/src/rp2_common/pico_stdio_usb/reset_interface.c.o
 .text.resetd_reset
                0x10004894        0xc CMakeFiles/05-display.dir/Users/maksimkuzin/Repositories/pico/pico-sdk/src/rp2_common/pico_stdio_usb/reset_interface.c.o
 .text.resetd_open
                0x100048a0       0x28 CMakeFiles/05-display.dir/Users/maksimkuzin/Repositories/pico/pico-sdk/src/rp2_common/pico_stdio_usb/reset_interface.c.o
 .text.resetd_xfer_cb
                0x100048c8        0x4 CMakeFiles/05-display.dir/Users/maksimkuzin/Repositories/pico/pico-sdk/src/rp2_common/pico_stdio_usb/reset_interface.c.o
 .text.resetd_control_xfer_cb
                0x100048cc       0x54 CMakeFiles/05-display.dir/Users/maksimkuzin/Repositories/pico/pico-sdk/src/rp2_common/pico_stdio_usb/reset_interface.c.o
 .text.tud_descriptor_bos_cb
                0x10004920        0x8 CMakeFiles/05-display.dir/Users/maksimkuzin/Repositories/pico/pico-sdk/src/rp2_common/pico_stdio_usb/reset_interface.c.o
                0x10004920                tud_descriptor_bos_cb
 .text.tud_vendor_control_xfer_cb
                0x10004928       0x34 CMakeFiles/05-display.dir/Users/maksimkuzin/Repositories/pico/pico-sdk/src/rp2_common/pico_stdio_usb/reset_interface.c.o
                0x10004928                tud_vendor_control_xfer_cb
 .text.usbd_app_driver_get_cb
                0x1000495c        0xc CMakeFiles/05-display.dir/Users/maksimkuzin/Repositories/pico/pico-sdk/src/rp2_common/pico_stdio_usb/reset_interface.c.o
                0x1000495c                usbd_app_driver_get_cb
 .text.tud_cdc_line_coding_cb
                0x10004968       0x2c CMakeFiles/05-display.dir/Users/maksimkuzin/Repositories/pico/pico-sdk/src/rp2_common/pico_stdio_usb/reset_interface.c.o
                0x10004968                tud_cdc_line_coding_cb
 .text.stdio_usb_set_chars_available_callback
                0x10004994       0x14 CMakeFiles/05-display.dir/Users/maksimkuzin/Repositories/pico/pico-sdk/src/rp2_common/pico_stdio_usb/stdio_usb.c.o
                0x10004994                stdio_usb_set_chars_available_callback
 .text.usb_irq  0x100049a8       0x10 CMakeFiles/05-display.dir/Users/maksimkuzin/Repositories/pico/pico-sdk/src/rp2_common/pico_stdio_usb/stdio_usb.c.o
 .text.timer_task
                0x100049b8       0x64 CMakeFiles/05-display.dir/Users/maksimkuzin/Repositories/pico/pico-sdk/src/rp2_common/pico_stdio_usb/stdio_usb.c.o
 .text.stdio_usb_in_chars
                0x10004a1c       0x8c CMakeFiles/05-display.dir/Users/maksimkuzin/Repositories/pico/pico-sdk/src/rp2_common/pico_stdio_usb/stdio_usb.c.o
                0x10004a1c                stdio_usb_in_chars
 .text.stdio_usb_out_flush
                0x10004aa8       0x4c CMakeFiles/05-display.dir/Users/maksimkuzin/Repositories/pico/pico-sdk/src/rp2_common/pico_stdio_usb/stdio_usb.c.o
 .text.stdio_usb_out_chars
                0x10004af4      0x100 CMakeFiles/05-display.dir/Users/maksimkuzin/Repositories/pico/pico-sdk/src/rp2_common/pico_stdio_usb/stdio_usb.c.o
 .text.low_priority_worker_irq
                0x10004bf4       0xc8 CMakeFiles/05-display.dir/Users/maksimkuzin/Repositories/pico/pico-sdk/src/rp2_common/pico_stdio_usb/stdio_usb.c.o
 .text.stdio_usb_init
                0x10004cbc       0xe8 CMakeFiles/05-display.dir/Users/maksimkuzin/Repositories/pico/pico-sdk/src/rp2_common/pico_stdio_usb/stdio_usb.c.o
                0x10004cbc                stdio_usb_init
 .text.tud_descriptor_device_cb
                0x10004da4        0x8 CMakeFiles/05-display.dir/Users/maksimkuzin/Repositories/pico/pico-sdk/src/rp2_common/pico_stdio_usb/stdio_usb_descriptors.c.o
                0x10004da4                tud_descriptor_device_cb
 .text.tud_descriptor_configuration_cb
                0x10004dac        0x8 CMakeFiles/05-display.dir/Users/maksimkuzin/Repositories/pico/pico-sdk/src/rp2_common/pico_stdio_usb/stdio_usb_descriptors.c.o
                0x10004dac                tud_descriptor_configuration_cb
 .text.tud_descriptor_string_cb
                0x10004db4       0x78 CMakeFiles/05-display.dir/Users/maksimkuzin/Repositories/pico/pico-sdk/src/rp2_common/pico_stdio_usb/stdio_usb_descriptors.c.o
                0x10004db4                tud_descriptor_string_cb
 .text.startup._retrieve_unique_id_on_boot
                0x10004e2c       0x10 CMakeFiles/05-display.dir/Users/maksimkuzin/Repositories/pico/pico-sdk/src/rp2_common/pico_unique_id/unique_id.c.o
 .text.pico_get_unique_board_id_string
                0x10004e3c      0x1a8 CMakeFiles/05-display.dir/Users/maksimkuzin/Repositories/pico/pico-sdk/src/rp2_common/pico_unique_id/unique_id.c.o
                0x10004e3c                pico_get_unique_board_id_string
 .text.flash_get_unique_id
                0x10004fe4       0x3c CMakeFiles/05-display.dir/Users/maksimkuzin/Repositories/pico/pico-sdk/src/rp2_common/hardware_flash/flash.c.o
                0x10004fe4                flash_get_unique_id
 .text.dcd_init
                0x10005020       0x90 CMakeFiles/05-display.dir/Users/maksimkuzin/Repositories/pico/pico-sdk/lib/tinyusb/src/portable/raspberrypi/rp2040/dcd_rp2040.c.o
                0x10005020                dcd_init
 .text.dcd_int_enable
                0x100050b0        0xc CMakeFiles/05-display.dir/Users/maksimkuzin/Repositories/pico/pico-sdk/lib/tinyusb/src/portable/raspberrypi/rp2040/dcd_rp2040.c.o
                0x100050b0                dcd_int_enable
 .text.dcd_set_address
                0x100050bc       0x14 CMakeFiles/05-display.dir/Users/maksimkuzin/Repositories/pico/pico-sdk/lib/tinyusb/src/portable/raspberrypi/rp2040/dcd_rp2040.c.o
                0x100050bc                dcd_set_address
 .text.dcd_sof_enable
                0x100050d0       0x1c CMakeFiles/05-display.dir/Users/maksimkuzin/Repositories/pico/pico-sdk/lib/tinyusb/src/portable/raspberrypi/rp2040/dcd_rp2040.c.o
                0x100050d0                dcd_sof_enable
 .text.dcd_edpt0_status_complete
                0x100050ec       0x1c CMakeFiles/05-display.dir/Users/maksimkuzin/Repositories/pico/pico-sdk/lib/tinyusb/src/portable/raspberrypi/rp2040/dcd_rp2040.c.o
                0x100050ec                dcd_edpt0_status_complete
 .text.dcd_edpt_open
                0x10005108      0x114 CMakeFiles/05-display.dir/Users/maksimkuzin/Repositories/pico/pico-sdk/lib/tinyusb/src/portable/raspberrypi/rp2040/dcd_rp2040.c.o
                0x10005108                dcd_edpt_open
 .text.dcd_edpt_close_all
                0x1000521c        0x8 CMakeFiles/05-display.dir/Users/maksimkuzin/Repositories/pico/pico-sdk/lib/tinyusb/src/portable/raspberrypi/rp2040/dcd_rp2040.c.o
                0x1000521c                dcd_edpt_close_all
 .text.dcd_edpt_xfer
                0x10005224       0x24 CMakeFiles/05-display.dir/Users/maksimkuzin/Repositories/pico/pico-sdk/lib/tinyusb/src/portable/raspberrypi/rp2040/dcd_rp2040.c.o
                0x10005224                dcd_edpt_xfer
 .text.dcd_edpt_stall
                0x10005248       0x3c CMakeFiles/05-display.dir/Users/maksimkuzin/Repositories/pico/pico-sdk/lib/tinyusb/src/portable/raspberrypi/rp2040/dcd_rp2040.c.o
                0x10005248                dcd_edpt_stall
 .text.dcd_edpt_clear_stall
                0x10005284       0x30 CMakeFiles/05-display.dir/Users/maksimkuzin/Repositories/pico/pico-sdk/lib/tinyusb/src/portable/raspberrypi/rp2040/dcd_rp2040.c.o
                0x10005284                dcd_edpt_clear_stall
 .text.rp2040_usb_init
                0x100052b4       0x40 CMakeFiles/05-display.dir/Users/maksimkuzin/Repositories/pico/pico-sdk/lib/tinyusb/src/portable/raspberrypi/rp2040/rp2040_usb.c.o
                0x100052b4                rp2040_usb_init
 .text.hw_endpoint_xfer_start
                0x100052f4       0x40 CMakeFiles/05-display.dir/Users/maksimkuzin/Repositories/pico/pico-sdk/lib/tinyusb/src/portable/raspberrypi/rp2040/rp2040_usb.c.o
                0x100052f4                hw_endpoint_xfer_start
 .text.tud_event_hook_cb
                0x10005334        0x4 CMakeFiles/05-display.dir/Users/maksimkuzin/Repositories/pico/pico-sdk/lib/tinyusb/src/device/usbd.c.o
                0x10005334                tud_event_hook_cb
 .text.tud_sof_cb
                0x10005338        0x4 CMakeFiles/05-display.dir/Users/maksimkuzin/Repositories/pico/pico-sdk/lib/tinyusb/src/device/usbd.c.o
                0x10005338                tud_sof_cb
 .text.tud_descriptor_device_qualifier_cb
                0x1000533c        0x4 CMakeFiles/05-display.dir/Users/maksimkuzin/Repositories/pico/pico-sdk/lib/tinyusb/src/device/usbd.c.o
                0x1000533c                tud_descriptor_device_qualifier_cb
 .text.tud_descriptor_other_speed_configuration_cb
                0x10005340        0x4 CMakeFiles/05-display.dir/Users/maksimkuzin/Repositories/pico/pico-sdk/lib/tinyusb/src/device/usbd.c.o
                0x10005340                tud_descriptor_other_speed_configuration_cb
 .text.tud_mount_cb
                0x10005344        0x4 CMakeFiles/05-display.dir/Users/maksimkuzin/Repositories/pico/pico-sdk/lib/tinyusb/src/device/usbd.c.o
                0x10005344                tud_mount_cb
 .text.tud_umount_cb
                0x10005348        0x4 CMakeFiles/05-display.dir/Users/maksimkuzin/Repositories/pico/pico-sdk/lib/tinyusb/src/device/usbd.c.o
                0x10005348                tud_umount_cb
 .text.tud_suspend_cb
                0x1000534c        0x4 CMakeFiles/05-display.dir/Users/maksimkuzin/Repositories/pico/pico-sdk/lib/tinyusb/src/device/usbd.c.o
                0x1000534c                tud_suspend_cb
 .text.tud_resume_cb
                0x10005350        0x4 CMakeFiles/05-display.dir/Users/maksimkuzin/Repositories/pico/pico-sdk/lib/tinyusb/src/device/usbd.c.o
                0x10005350                tud_resume_cb
 .text.tud_mounted
                0x10005354       0x10 CMakeFiles/05-display.dir/Users/maksimkuzin/Repositories/pico/pico-sdk/lib/tinyusb/src/device/usbd.c.o
                0x10005354                tud_mounted
 .text.tud_suspended
                0x10005364       0x10 CMakeFiles/05-display.dir/Users/maksimkuzin/Repositories/pico/pico-sdk/lib/tinyusb/src/device/usbd.c.o
                0x10005364                tud_suspended
 .text.tud_rhport_init
                0x10005374       0xf4 CMakeFiles/05-display.dir/Users/maksimkuzin/Repositories/pico/pico-sdk/lib/tinyusb/src/device/usbd.c.o
                0x10005374                tud_rhport_init
 .text.tud_task_ext
                0x10005468      0x800 CMakeFiles/05-display.dir/Users/maksimkuzin/Repositories/pico/pico-sdk/lib/tinyusb/src/device/usbd.c.o
                0x10005468                tud_task_ext
 .text.usbd_open_edpt_pair
                0x10005c68       0x9c CMakeFiles/05-display.dir/Users/maksimkuzin/Repositories/pico/pico-sdk/lib/tinyusb/src/device/usbd.c.o
                0x10005c68                usbd_open_edpt_pair
 .text.usbd_edpt_open
                0x10005d04       0x34 CMakeFiles/05-display.dir/Users/maksimkuzin/Repositories/pico/pico-sdk/lib/tinyusb/src/device/usbd.c.o
                0x10005d04                usbd_edpt_open
 .text.usbd_edpt_claim
                0x10005d38       0x28 CMakeFiles/05-display.dir/Users/maksimkuzin/Repositories/pico/pico-sdk/lib/tinyusb/src/device/usbd.c.o
                0x10005d38                usbd_edpt_claim
 .text.usbd_edpt_release
                0x10005d60       0x28 CMakeFiles/05-display.dir/Users/maksimkuzin/Repositories/pico/pico-sdk/lib/tinyusb/src/device/usbd.c.o
                0x10005d60                usbd_edpt_release
 .text.usbd_edpt_xfer
                0x10005d88       0x4c CMakeFiles/05-display.dir/Users/maksimkuzin/Repositories/pico/pico-sdk/lib/tinyusb/src/device/usbd.c.o
                0x10005d88                usbd_edpt_xfer
 .text.tud_control_status
                0x10005dd4       0x2c CMakeFiles/05-display.dir/Users/maksimkuzin/Repositories/pico/pico-sdk/lib/tinyusb/src/device/usbd_control.c.o
                0x10005dd4                tud_control_status
 .text.tud_control_xfer
                0x10005e00       0xa8 CMakeFiles/05-display.dir/Users/maksimkuzin/Repositories/pico/pico-sdk/lib/tinyusb/src/device/usbd_control.c.o
                0x10005e00                tud_control_xfer
 .text.usbd_control_reset
                0x10005ea8       0x14 CMakeFiles/05-display.dir/Users/maksimkuzin/Repositories/pico/pico-sdk/lib/tinyusb/src/device/usbd_control.c.o
                0x10005ea8                usbd_control_reset
 .text.usbd_control_set_complete_callback
                0x10005ebc        0xc CMakeFiles/05-display.dir/Users/maksimkuzin/Repositories/pico/pico-sdk/lib/tinyusb/src/device/usbd_control.c.o
                0x10005ebc                usbd_control_set_complete_callback
 .text.usbd_control_set_request
                0x10005ec8       0x1c CMakeFiles/05-display.dir/Users/maksimkuzin/Repositories/pico/pico-sdk/lib/tinyusb/src/device/usbd_control.c.o
                0x10005ec8                usbd_control_set_request
 .text.usbd_control_xfer_cb
                0x10005ee4       0xec CMakeFiles/05-display.dir/Users/maksimkuzin/Repositories/pico/pico-sdk/lib/tinyusb/src/device/usbd_control.c.o
                0x10005ee4                usbd_control_xfer_cb
 .text._prep_out_transaction.isra.0
                0x10005fd0       0x6c CMakeFiles/05-display.dir/Users/maksimkuzin/Repositories/pico/pico-sdk/lib/tinyusb/src/class/cdc/cdc_device.c.o
 .text.tud_cdc_n_connected
                0x1000603c       0x2c CMakeFiles/05-display.dir/Users/maksimkuzin/Repositories/pico/pico-sdk/lib/tinyusb/src/class/cdc/cdc_device.c.o
                0x1000603c                tud_cdc_n_connected
 .text.tud_cdc_n_available
                0x10006068       0x14 CMakeFiles/05-display.dir/Users/maksimkuzin/Repositories/pico/pico-sdk/lib/tinyusb/src/class/cdc/cdc_device.c.o
                0x10006068                tud_cdc_n_available
 .text.tud_cdc_n_read
                0x1000607c       0x88 CMakeFiles/05-display.dir/Users/maksimkuzin/Repositories/pico/pico-sdk/lib/tinyusb/src/class/cdc/cdc_device.c.o
                0x1000607c                tud_cdc_n_read
 .text.tud_cdc_n_write_flush
                0x10006104       0x74 CMakeFiles/05-display.dir/Users/maksimkuzin/Repositories/pico/pico-sdk/lib/tinyusb/src/class/cdc/cdc_device.c.o
                0x10006104                tud_cdc_n_write_flush
 .text.tud_cdc_n_write
                0x10006178       0x40 CMakeFiles/05-display.dir/Users/maksimkuzin/Repositories/pico/pico-sdk/lib/tinyusb/src/class/cdc/cdc_device.c.o
                0x10006178                tud_cdc_n_write
 .text.tud_cdc_n_write_available
                0x100061b8       0x14 CMakeFiles/05-display.dir/Users/maksimkuzin/Repositories/pico/pico-sdk/lib/tinyusb/src/class/cdc/cdc_device.c.o
                0x100061b8                tud_cdc_n_write_available
 .text.cdcd_init
                0x100061cc       0x70 CMakeFiles/05-display.dir/Users/maksimkuzin/Repositories/pico/pico-sdk/lib/tinyusb/src/class/cdc/cdc_device.c.o
                0x100061cc                cdcd_init
 .text.cdcd_deinit
                0x1000623c       0x30 CMakeFiles/05-display.dir/Users/maksimkuzin/Repositories/pico/pico-sdk/lib/tinyusb/src/class/cdc/cdc_device.c.o
                0x1000623c                cdcd_deinit
 .text.cdcd_reset
                0x1000626c       0x4c CMakeFiles/05-display.dir/Users/maksimkuzin/Repositories/pico/pico-sdk/lib/tinyusb/src/class/cdc/cdc_device.c.o
                0x1000626c                cdcd_reset
 .text.cdcd_open
                0x100062b8       0xa4 CMakeFiles/05-display.dir/Users/maksimkuzin/Repositories/pico/pico-sdk/lib/tinyusb/src/class/cdc/cdc_device.c.o
                0x100062b8                cdcd_open
 .text.cdcd_control_xfer_cb
                0x1000635c       0xe8 CMakeFiles/05-display.dir/Users/maksimkuzin/Repositories/pico/pico-sdk/lib/tinyusb/src/class/cdc/cdc_device.c.o
                0x1000635c                cdcd_control_xfer_cb
 .text.cdcd_xfer_cb
                0x10006444      0x100 CMakeFiles/05-display.dir/Users/maksimkuzin/Repositories/pico/pico-sdk/lib/tinyusb/src/class/cdc/cdc_device.c.o
                0x10006444                cdcd_xfer_cb
 .text.vendord_init
                0x10006544       0x5c CMakeFiles/05-display.dir/Users/maksimkuzin/Repositories/pico/pico-sdk/lib/tinyusb/src/class/vendor/vendor_device.c.o
                0x10006544                vendord_init
 .text.vendord_deinit
                0x100065a0       0x1c CMakeFiles/05-display.dir/Users/maksimkuzin/Repositories/pico/pico-sdk/lib/tinyusb/src/class/vendor/vendor_device.c.o
                0x100065a0                vendord_deinit
 .text.vendord_reset
                0x100065bc       0x28 CMakeFiles/05-display.dir/Users/maksimkuzin/Repositories/pico/pico-sdk/lib/tinyusb/src/class/vendor/vendor_device.c.o
                0x100065bc                vendord_reset
 .text.vendord_open
                0x100065e4      0x120 CMakeFiles/05-display.dir/Users/maksimkuzin/Repositories/pico/pico-sdk/lib/tinyusb/src/class/vendor/vendor_device.c.o
                0x100065e4                vendord_open
 .text.vendord_xfer_cb
                0x10006704       0x9c CMakeFiles/05-display.dir/Users/maksimkuzin/Repositories/pico/pico-sdk/lib/tinyusb/src/class/vendor/vendor_device.c.o
                0x10006704                vendord_xfer_cb
 .text.tusb_rhport_init
                0x100067a0       0x4c CMakeFiles/05-display.dir/Users/maksimkuzin/Repositories/pico/pico-sdk/lib/tinyusb/src/tusb.c.o
                0x100067a0                tusb_rhport_init
 .text.tu_edpt_claim
                0x100067ec       0x50 CMakeFiles/05-display.dir/Users/maksimkuzin/Repositories/pico/pico-sdk/lib/tinyusb/src/tusb.c.o
                0x100067ec                tu_edpt_claim
 .text.tu_edpt_release
                0x1000683c       0x38 CMakeFiles/05-display.dir/Users/maksimkuzin/Repositories/pico/pico-sdk/lib/tinyusb/src/tusb.c.o
                0x1000683c                tu_edpt_release
 .text.tu_edpt_validate
                0x10006874       0x7c CMakeFiles/05-display.dir/Users/maksimkuzin/Repositories/pico/pico-sdk/lib/tinyusb/src/tusb.c.o
                0x10006874                tu_edpt_validate
 .text.tu_edpt_bind_driver
                0x100068f0       0x34 CMakeFiles/05-display.dir/Users/maksimkuzin/Repositories/pico/pico-sdk/lib/tinyusb/src/tusb.c.o
                0x100068f0                tu_edpt_bind_driver
 .text.tu_edpt_stream_init
                0x10006924       0x6c CMakeFiles/05-display.dir/Users/maksimkuzin/Repositories/pico/pico-sdk/lib/tinyusb/src/tusb.c.o
                0x10006924                tu_edpt_stream_init
 .text.tu_edpt_stream_deinit
                0x10006990        0x4 CMakeFiles/05-display.dir/Users/maksimkuzin/Repositories/pico/pico-sdk/lib/tinyusb/src/tusb.c.o
                0x10006990                tu_edpt_stream_deinit
 .text.tu_edpt_stream_write_zlp_if_needed
                0x10006994       0x68 CMakeFiles/05-display.dir/Users/maksimkuzin/Repositories/pico/pico-sdk/lib/tinyusb/src/tusb.c.o
                0x10006994                tu_edpt_stream_write_zlp_if_needed
 .text.tu_edpt_stream_write_xfer
                0x100069fc       0x68 CMakeFiles/05-display.dir/Users/maksimkuzin/Repositories/pico/pico-sdk/lib/tinyusb/src/tusb.c.o
                0x100069fc                tu_edpt_stream_write_xfer
 .text.tu_edpt_stream_read_xfer
                0x10006a64       0xd8 CMakeFiles/05-display.dir/Users/maksimkuzin/Repositories/pico/pico-sdk/lib/tinyusb/src/tusb.c.o
                0x10006a64                tu_edpt_stream_read_xfer
 .text.tu_fifo_config
                0x10006b3c       0x6c CMakeFiles/05-display.dir/Users/maksimkuzin/Repositories/pico/pico-sdk/lib/tinyusb/src/common/tusb_fifo.c.o
                0x10006b3c                tu_fifo_config
 .text.tu_fifo_count
                0x10006ba8       0x2c CMakeFiles/05-display.dir/Users/maksimkuzin/Repositories/pico/pico-sdk/lib/tinyusb/src/common/tusb_fifo.c.o
                0x10006ba8                tu_fifo_count
 .text.tu_fifo_empty
                0x10006bd4       0x10 CMakeFiles/05-display.dir/Users/maksimkuzin/Repositories/pico/pico-sdk/lib/tinyusb/src/common/tusb_fifo.c.o
                0x10006bd4                tu_fifo_empty
 .text.tu_fifo_remaining
                0x10006be4       0x2c CMakeFiles/05-display.dir/Users/maksimkuzin/Repositories/pico/pico-sdk/lib/tinyusb/src/common/tusb_fifo.c.o
                0x10006be4                tu_fifo_remaining
 .text.tu_fifo_read
                0x10006c10       0x9c CMakeFiles/05-display.dir/Users/maksimkuzin/Repositories/pico/pico-sdk/lib/tinyusb/src/common/tusb_fifo.c.o
                0x10006c10                tu_fifo_read
 .text.tu_fifo_read_n
                0x10006cac       0xe8 CMakeFiles/05-display.dir/Users/maksimkuzin/Repositories/pico/pico-sdk/lib/tinyusb/src/common/tusb_fifo.c.o
                0x10006cac                tu_fifo_read_n
 .text.tu_fifo_write
                0x10006d94       0xa4 CMakeFiles/05-display.dir/Users/maksimkuzin/Repositories/pico/pico-sdk/lib/tinyusb/src/common/tusb_fifo.c.o
                0x10006d94                tu_fifo_write
 .text.tu_fifo_write_n
                0x10006e38      0x178 CMakeFiles/05-display.dir/Users/maksimkuzin/Repositories/pico/pico-sdk/lib/tinyusb/src/common/tusb_fifo.c.o
                0x10006e38                tu_fifo_write_n
 .text.tu_fifo_clear
                0x10006fb0       0x40 CMakeFiles/05-display.dir/Users/maksimkuzin/Repositories/pico/pico-sdk/lib/tinyusb/src/common/tusb_fifo.c.o
                0x10006fb0                tu_fifo_clear
 .text.tu_fifo_set_overwritable
                0x10006ff0       0x48 CMakeFiles/05-display.dir/Users/maksimkuzin/Repositories/pico/pico-sdk/lib/tinyusb/src/common/tusb_fifo.c.o
                0x10006ff0                tu_fifo_set_overwritable
 .text._calloc_r
                0x10007038       0xa8 /Applications/ArmGNUToolchain/14.2.rel1/arm-none-eabi/bin/../lib/gcc/arm-none-eabi/14.2.1/../../../../arm-none-eabi/lib/thumb/v6-m/nofp/libg.a(libc_a-callocr.o)
                0x10007038                _calloc_r
 .text.malloc   0x100070e0       0x14 /Applications/ArmGNUToolchain/14.2.rel1/arm-none-eabi/bin/../lib/gcc/arm-none-eabi/14.2.1/../../../../arm-none-eabi/lib/thumb/v6-m/nofp/libg.a(libc_a-malloc.o)
                0x100070e0                malloc
 .text.free     0x100070f4       0x14 /Applications/ArmGNUToolchain/14.2.rel1/arm-none-eabi/bin/../lib/gcc/arm-none-eabi/14.2.1/../../../../arm-none-eabi/lib/thumb/v6-m/nofp/libg.a(libc_a-malloc.o)
                0x100070f4                free
 .text._malloc_r
                0x10007108      0x5cc /Applications/ArmGNUToolchain/14.2.rel1/arm-none-eabi/bin/../lib/gcc/arm-none-eabi/14.2.1/../../../../arm-none-eabi/lib/thumb/v6-m/nofp/libg.a(libc_a-mallocr.o)
                0x10007108                _malloc_r
 .text.__malloc_lock
                0x100076d4       0x10 /Applications/ArmGNUToolchain/14.2.rel1/arm-none-eabi/bin/../lib/gcc/arm-none-eabi/14.2.1/../../../../arm-none-eabi/lib/thumb/v6-m/nofp/libg.a(libc_a-mlock.o)
                0x100076d4                __malloc_lock
 .text.__malloc_unlock
                0x100076e4       0x10 /Applications/ArmGNUToolchain/14.2.rel1/arm-none-eabi/bin/../lib/gcc/arm-none-eabi/14.2.1/../../../../arm-none-eabi/lib/thumb/v6-m/nofp/libg.a(libc_a-mlock.o)
                0x100076e4                __malloc_unlock
 .text.realloc  0x100076f4       0x18 /Applications/ArmGNUToolchain/14.2.rel1/arm-none-eabi/bin/../lib/gcc/arm-none-eabi/14.2.1/../../../../arm-none-eabi/lib/thumb/v6-m/nofp/libg.a(libc_a-realloc.o)
                0x100076f4                realloc
 .text._realloc_r
                0x1000770c      0x350 /Applications/ArmGNUToolchain/14.2.rel1/arm-none-eabi/bin/../lib/gcc/arm-none-eabi/14.2.1/../../../../arm-none-eabi/lib/thumb/v6-m/nofp/libg.a(libc_a-reallocr.o)
                0x1000770c                _realloc_r
 .text._strtoul_l.isra.0
                0x10007a5c      0x144 /Applications/ArmGNUToolchain/14.2.rel1/arm-none-eabi/bin/../lib/gcc/arm-none-eabi/14.2.1/../../../../arm-none-eabi/lib/thumb/v6-m/nofp/libg.a(libc_a-strtoul.o)
 .text._strtoul_r
                0x10007ba0        0x8 /Applications/ArmGNUToolchain/14.2.rel1/arm-none-eabi/bin/../lib/gcc/arm-none-eabi/14.2.1/../../../../arm-none-eabi/lib/thumb/v6-m/nofp/libg.a(libc_a-strtoul.o)
                0x10007ba0                _strtoul_r
 .text.strtoul  0x10007ba8       0x18 /Applications/ArmGNUToolchain/14.2.rel1/arm-none-eabi/bin/../lib/gcc/arm-none-eabi/14.2.1/../../../../arm-none-eabi/lib/thumb/v6-m/nofp/libg.a(libc_a-strtoul.o)
                0x10007ba8                strtoul
 .text.sscanf   0x10007bc0       0x54 /Applications/ArmGNUToolchain/14.2.rel1/arm-none-eabi/bin/../lib/gcc/arm-none-eabi/14.2.1/../../../../arm-none-eabi/lib/thumb/v6-m/nofp/libg.a(libc_a-sscanf.o)
                0x10007bc0                sscanf
 .text.__seofread
                0x10007c14        0x4 /Applications/ArmGNUToolchain/14.2.rel1/arm-none-eabi/bin/../lib/gcc/arm-none-eabi/14.2.1/../../../../arm-none-eabi/lib/thumb/v6-m/nofp/libg.a(libc_a-stdio.o)
                0x10007c14                __seofread
 .text.memmove  0x10007c18       0xc4 /Applications/ArmGNUToolchain/14.2.rel1/arm-none-eabi/bin/../lib/gcc/arm-none-eabi/14.2.1/../../../../arm-none-eabi/lib/thumb/v6-m/nofp/libg.a(libc_a-memmove.o)
                0x10007c18                memmove
 .text.strchr   0x10007cdc       0xc4 /Applications/ArmGNUToolchain/14.2.rel1/arm-none-eabi/bin/../lib/gcc/arm-none-eabi/14.2.1/../../../../arm-none-eabi/lib/thumb/v6-m/nofp/libg.a(libc_a-strchr.o)
                0x10007cdc                strchr
 .text._sbrk_r  0x10007da0       0x24 /Applications/ArmGNUToolchain/14.2.rel1/arm-none-eabi/bin/../lib/gcc/arm-none-eabi/14.2.1/../../../../arm-none-eabi/lib/thumb/v6-m/nofp/libg.a(libc_a-sbrkr.o)
                0x10007da0                _sbrk_r
 .text.__errno  0x10007dc4        0xc /Applications/ArmGNUToolchain/14.2.rel1/arm-none-eabi/bin/../lib/gcc/arm-none-eabi/14.2.1/../../../../arm-none-eabi/lib/thumb/v6-m/nofp/libg.a(libc_a-errno.o)
                0x10007dc4                __errno
 .text.sysconf  0x10007dd0       0x1c /Applications/ArmGNUToolchain/14.2.rel1/arm-none-eabi/bin/../lib/gcc/arm-none-eabi/14.2.1/../../../../arm-none-eabi/lib/thumb/v6-m/nofp/libg.a(libc_a-sysconf.o)
                0x10007dd0                sysconf
 .text          0x10007dec       0x88 /Applications/ArmGNUToolchain/14.2.rel1/arm-none-eabi/bin/../lib/gcc/arm-none-eabi/14.2.1/../../../../arm-none-eabi/lib/thumb/v6-m/nofp/libg.a(libc_a-strcmp.o)
                0x10007dec                strcmp
 .text.__retarget_lock_acquire_recursive
                0x10007e74        0x4 /Applications/ArmGNUToolchain/14.2.rel1/arm-none-eabi/bin/../lib/gcc/arm-none-eabi/14.2.1/../../../../arm-none-eabi/lib/thumb/v6-m/nofp/libg.a(libc_a-lock.o)
                0x10007e74                __retarget_lock_acquire_recursive
 .text.__retarget_lock_release_recursive
                0x10007e78        0x4 /Applications/ArmGNUToolchain/14.2.rel1/arm-none-eabi/bin/../lib/gcc/arm-none-eabi/14.2.1/../../../../arm-none-eabi/lib/thumb/v6-m/nofp/libg.a(libc_a-lock.o)
                0x10007e78                __retarget_lock_release_recursive
 .text.strlen   0x10007e7c       0x5c /Applications/ArmGNUToolchain/14.2.rel1/arm-none-eabi/bin/../lib/gcc/arm-none-eabi/14.2.1/../../../../arm-none-eabi/lib/thumb/v6-m/nofp/libg.a(libc_a-strlen-stub.o)
                0x10007e7c                strlen
 .text._malloc_trim_r
                0x10007ed8       0xb4 /Applications/ArmGNUToolchain/14.2.rel1/arm-none-eabi/bin/../lib/gcc/arm-none-eabi/14.2.1/../../../../arm-none-eabi/lib/thumb/v6-m/nofp/libg.a(libc_a-freer.o)
                0x10007ed8                _malloc_trim_r
 .text._free_r  0x10007f8c      0x1f0 /Applications/ArmGNUToolchain/14.2.rel1/arm-none-eabi/bin/../lib/gcc/arm-none-eabi/14.2.1/../../../../arm-none-eabi/lib/thumb/v6-m/nofp/libg.a(libc_a-freer.o)
                0x10007f8c                _free_r
 .text._sungetc_r
                0x1000817c       0x80 /Applications/ArmGNUToolchain/14.2.rel1/arm-none-eabi/bin/../lib/gcc/arm-none-eabi/14.2.1/../../../../arm-none-eabi/lib/thumb/v6-m/nofp/libg.a(libc_a-svfiscanf.o)
                0x1000817c                _sungetc_r
 .text.__ssrefill_r
                0x100081fc       0x40 /Applications/ArmGNUToolchain/14.2.rel1/arm-none-eabi/bin/../lib/gcc/arm-none-eabi/14.2.1/../../../../arm-none-eabi/lib/thumb/v6-m/nofp/libg.a(libc_a-svfiscanf.o)
                0x100081fc                __ssrefill_r
 .text._sfread_r
                0x1000823c       0xbc /Applications/ArmGNUToolchain/14.2.rel1/arm-none-eabi/bin/../lib/gcc/arm-none-eabi/14.2.1/../../../../arm-none-eabi/lib/thumb/v6-m/nofp/libg.a(libc_a-svfiscanf.o)
                0x1000823c                _sfread_r
 .text.__ssvfscanf_r
                0x100082f8     0x19c0 /Applications/ArmGNUToolchain/14.2.rel1/arm-none-eabi/bin/../lib/gcc/arm-none-eabi/14.2.1/../../../../arm-none-eabi/lib/thumb/v6-m/nofp/libg.a(libc_a-svfscanf.o)
                0x100082f8                __ssvfscanf_r
 .text.sulp     0x10009cb8       0x30 /Applications/ArmGNUToolchain/14.2.rel1/arm-none-eabi/bin/../lib/gcc/arm-none-eabi/14.2.1/../../../../arm-none-eabi/lib/thumb/v6-m/nofp/libg.a(libc_a-strtod.o)
 .text._strtod_l
                0x10009ce8      0xfdc /Applications/ArmGNUToolchain/14.2.rel1/arm-none-eabi/bin/../lib/gcc/arm-none-eabi/14.2.1/../../../../arm-none-eabi/lib/thumb/v6-m/nofp/libg.a(libc_a-strtod.o)
                0x10009ce8                _strtod_l
 .text._strtod_r
                0x1000acc4       0x10 /Applications/ArmGNUToolchain/14.2.rel1/arm-none-eabi/bin/../lib/gcc/arm-none-eabi/14.2.1/../../../../arm-none-eabi/lib/thumb/v6-m/nofp/libg.a(libc_a-strtod.o)
                0x1000acc4                _strtod_r
 .text._strtol_l.isra.0
                0x1000acd4      0x158 /Applications/ArmGNUToolchain/14.2.rel1/arm-none-eabi/bin/../lib/gcc/arm-none-eabi/14.2.1/../../../../arm-none-eabi/lib/thumb/v6-m/nofp/libg.a(libc_a-strtol.o)
 .text._strtol_r
                0x1000ae2c        0x8 /Applications/ArmGNUToolchain/14.2.rel1/arm-none-eabi/bin/../lib/gcc/arm-none-eabi/14.2.1/../../../../arm-none-eabi/lib/thumb/v6-m/nofp/libg.a(libc_a-strtol.o)
                0x1000ae2c                _strtol_r
 .text.__sccl   0x1000ae34       0x80 /Applications/ArmGNUToolchain/14.2.rel1/arm-none-eabi/bin/../lib/gcc/arm-none-eabi/14.2.1/../../../../arm-none-eabi/lib/thumb/v6-m/nofp/libg.a(libc_a-sccl.o)
                0x1000ae34                __sccl
 .text.__submore
                0x1000aeb4       0x84 /Applications/ArmGNUToolchain/14.2.rel1/arm-none-eabi/bin/../lib/gcc/arm-none-eabi/14.2.1/../../../../arm-none-eabi/lib/thumb/v6-m/nofp/libg.a(libc_a-ungetc.o)
                0x1000aeb4                __submore
 .text.strncmp  0x1000af38       0x68 /Applications/ArmGNUToolchain/14.2.rel1/arm-none-eabi/bin/../lib/gcc/arm-none-eabi/14.2.1/../../../../arm-none-eabi/lib/thumb/v6-m/nofp/libg.a(libc_a-strncmp.o)
                0x1000af38                strncmp
 .text.stpncpy  0x1000afa0       0x74 /Applications/ArmGNUToolchain/14.2.rel1/arm-none-eabi/bin/../lib/gcc/arm-none-eabi/14.2.1/../../../../arm-none-eabi/lib/thumb/v6-m/nofp/libg.a(libc_a-stpncpy.o)
                0x1000afa0                stpncpy
 .text.__locale_mb_cur_max
                0x1000b014       0x10 /Applications/ArmGNUToolchain/14.2.rel1/arm-none-eabi/bin/../lib/gcc/arm-none-eabi/14.2.1/../../../../arm-none-eabi/lib/thumb/v6-m/nofp/libg.a(libc_a-locale.o)
                0x1000b014                __locale_mb_cur_max
 .text._localeconv_r
                0x1000b024        0x8 /Applications/ArmGNUToolchain/14.2.rel1/arm-none-eabi/bin/../lib/gcc/arm-none-eabi/14.2.1/../../../../arm-none-eabi/lib/thumb/v6-m/nofp/libg.a(libc_a-localeconv.o)
                0x1000b024                _localeconv_r
 .text._strtoll_l.isra.0
                0x1000b02c      0x1a0 /Applications/ArmGNUToolchain/14.2.rel1/arm-none-eabi/bin/../lib/gcc/arm-none-eabi/14.2.1/../../../../arm-none-eabi/lib/thumb/v6-m/nofp/libg.a(libc_a-strtoll.o)
 .text._strtoll_r
                0x1000b1cc        0x8 /Applications/ArmGNUToolchain/14.2.rel1/arm-none-eabi/bin/../lib/gcc/arm-none-eabi/14.2.1/../../../../arm-none-eabi/lib/thumb/v6-m/nofp/libg.a(libc_a-strtoll.o)
                0x1000b1cc                _strtoll_r
 .text._strtoull_l.isra.0
                0x1000b1d4      0x1c4 /Applications/ArmGNUToolchain/14.2.rel1/arm-none-eabi/bin/../lib/gcc/arm-none-eabi/14.2.1/../../../../arm-none-eabi/lib/thumb/v6-m/nofp/libg.a(libc_a-strtoull.o)
 .text._strtoull_r
                0x1000b398        0x8 /Applications/ArmGNUToolchain/14.2.rel1/arm-none-eabi/bin/../lib/gcc/arm-none-eabi/14.2.1/../../../../arm-none-eabi/lib/thumb/v6-m/nofp/libg.a(libc_a-strtoull.o)
                0x1000b398                _strtoull_r
 .text._mbrtowc_r
                0x1000b3a0       0x54 /Applications/ArmGNUToolchain/14.2.rel1/arm-none-eabi/bin/../lib/gcc/arm-none-eabi/14.2.1/../../../../arm-none-eabi/lib/thumb/v6-m/nofp/libg.a(libc_a-mbrtowc.o)
                0x1000b3a0                _mbrtowc_r
 .text.iswspace
                0x1000b3f4        0xc /Applications/ArmGNUToolchain/14.2.rel1/arm-none-eabi/bin/../lib/gcc/arm-none-eabi/14.2.1/../../../../arm-none-eabi/lib/thumb/v6-m/nofp/libg.a(libc_a-iswspace.o)
                0x1000b3f4                iswspace
 .text.iswspace_l
                0x1000b400       0x24 /Applications/ArmGNUToolchain/14.2.rel1/arm-none-eabi/bin/../lib/gcc/arm-none-eabi/14.2.1/../../../../arm-none-eabi/lib/thumb/v6-m/nofp/libg.a(libc_a-iswspace_l.o)
                0x1000b400                iswspace_l
 .text.nan      0x1000b424        0xc /Applications/ArmGNUToolchain/14.2.rel1/arm-none-eabi/bin/../lib/gcc/arm-none-eabi/14.2.1/../../../../arm-none-eabi/lib/thumb/v6-m/nofp/libg.a(libm_a-s_nan.o)
                0x1000b424                nan
 .text.nanf     0x1000b430        0x8 /Applications/ArmGNUToolchain/14.2.rel1/arm-none-eabi/bin/../lib/gcc/arm-none-eabi/14.2.1/../../../../arm-none-eabi/lib/thumb/v6-m/nofp/libg.a(libm_a-sf_nan.o)
                0x1000b430                nanf
 .text.__jp2uc  0x1000b438      0x154 /Applications/ArmGNUToolchain/14.2.rel1/arm-none-eabi/bin/../lib/gcc/arm-none-eabi/14.2.1/../../../../arm-none-eabi/lib/thumb/v6-m/nofp/libg.a(libc_a-jp2uc.o)
 .text._jp2uc_l
                0x1000b58c       0x68 /Applications/ArmGNUToolchain/14.2.rel1/arm-none-eabi/bin/../lib/gcc/arm-none-eabi/14.2.1/../../../../arm-none-eabi/lib/thumb/v6-m/nofp/libg.a(libc_a-jp2uc.o)
                0x1000b58c                _jp2uc_l
 .text.category
                0x1000b5f4       0x54 /Applications/ArmGNUToolchain/14.2.rel1/arm-none-eabi/bin/../lib/gcc/arm-none-eabi/14.2.1/../../../../arm-none-eabi/lib/thumb/v6-m/nofp/libg.a(libc_a-categories.o)
                0x1000b5f4                category
 .text.rshift   0x1000b648       0xb0 /Applications/ArmGNUToolchain/14.2.rel1/arm-none-eabi/bin/../lib/gcc/arm-none-eabi/14.2.1/../../../../arm-none-eabi/lib/thumb/v6-m/nofp/libg.a(libc_a-gdtoa-gethex.o)
 .text.__gethex
                0x1000b6f8      0x5f4 /Applications/ArmGNUToolchain/14.2.rel1/arm-none-eabi/bin/../lib/gcc/arm-none-eabi/14.2.1/../../../../arm-none-eabi/lib/thumb/v6-m/nofp/libg.a(libc_a-gdtoa-gethex.o)
                0x1000b6f8                __gethex
 .text.__match  0x1000bcec       0x2c /Applications/ArmGNUToolchain/14.2.rel1/arm-none-eabi/bin/../lib/gcc/arm-none-eabi/14.2.1/../../../../arm-none-eabi/lib/thumb/v6-m/nofp/libg.a(libc_a-gdtoa-hexnan.o)
                0x1000bcec                __match
 .text.__hexnan
                0x1000bd18      0x208 /Applications/ArmGNUToolchain/14.2.rel1/arm-none-eabi/bin/../lib/gcc/arm-none-eabi/14.2.1/../../../../arm-none-eabi/lib/thumb/v6-m/nofp/libg.a(libc_a-gdtoa-hexnan.o)
                0x1000bd18                __hexnan
 .text.__ascii_mbtowc
                0x1000bf20       0x2c /Applications/ArmGNUToolchain/14.2.rel1/arm-none-eabi/bin/../lib/gcc/arm-none-eabi/14.2.1/../../../../arm-none-eabi/lib/thumb/v6-m/nofp/libg.a(libc_a-mbtowc_r.o)
                0x1000bf20                __ascii_mbtowc
 .text._Balloc  0x1000bf4c       0x50 /Applications/ArmGNUToolchain/14.2.rel1/arm-none-eabi/bin/../lib/gcc/arm-none-eabi/14.2.1/../../../../arm-none-eabi/lib/thumb/v6-m/nofp/libg.a(libc_a-mprec.o)
                0x1000bf4c                _Balloc
 .text._Bfree   0x1000bf9c       0x14 /Applications/ArmGNUToolchain/14.2.rel1/arm-none-eabi/bin/../lib/gcc/arm-none-eabi/14.2.1/../../../../arm-none-eabi/lib/thumb/v6-m/nofp/libg.a(libc_a-mprec.o)
                0x1000bf9c                _Bfree
 .text.__multadd
                0x1000bfb0       0xa4 /Applications/ArmGNUToolchain/14.2.rel1/arm-none-eabi/bin/../lib/gcc/arm-none-eabi/14.2.1/../../../../arm-none-eabi/lib/thumb/v6-m/nofp/libg.a(libc_a-mprec.o)
                0x1000bfb0                __multadd
 .text.__s2b    0x1000c054       0xb0 /Applications/ArmGNUToolchain/14.2.rel1/arm-none-eabi/bin/../lib/gcc/arm-none-eabi/14.2.1/../../../../arm-none-eabi/lib/thumb/v6-m/nofp/libg.a(libc_a-mprec.o)
                0x1000c054                __s2b
 .text.__hi0bits
                0x1000c104       0x60 /Applications/ArmGNUToolchain/14.2.rel1/arm-none-eabi/bin/../lib/gcc/arm-none-eabi/14.2.1/../../../../arm-none-eabi/lib/thumb/v6-m/nofp/libg.a(libc_a-mprec.o)
                0x1000c104                __hi0bits
 .text.__lo0bits
                0x1000c164       0x90 /Applications/ArmGNUToolchain/14.2.rel1/arm-none-eabi/bin/../lib/gcc/arm-none-eabi/14.2.1/../../../../arm-none-eabi/lib/thumb/v6-m/nofp/libg.a(libc_a-mprec.o)
                0x1000c164                __lo0bits
 .text.__i2b    0x1000c1f4       0x60 /Applications/ArmGNUToolchain/14.2.rel1/arm-none-eabi/bin/../lib/gcc/arm-none-eabi/14.2.1/../../../../arm-none-eabi/lib/thumb/v6-m/nofp/libg.a(libc_a-mprec.o)
                0x1000c1f4                __i2b
 .text.__multiply
                0x1000c254      0x1b0 /Applications/ArmGNUToolchain/14.2.rel1/arm-none-eabi/bin/../lib/gcc/arm-none-eabi/14.2.1/../../../../arm-none-eabi/lib/thumb/v6-m/nofp/libg.a(libc_a-mprec.o)
                0x1000c254                __multiply
 .text.__pow5mult
                0x1000c404       0xd8 /Applications/ArmGNUToolchain/14.2.rel1/arm-none-eabi/bin/../lib/gcc/arm-none-eabi/14.2.1/../../../../arm-none-eabi/lib/thumb/v6-m/nofp/libg.a(libc_a-mprec.o)
                0x1000c404                __pow5mult
 .text.__lshift
                0x1000c4dc       0xfc /Applications/ArmGNUToolchain/14.2.rel1/arm-none-eabi/bin/../lib/gcc/arm-none-eabi/14.2.1/../../../../arm-none-eabi/lib/thumb/v6-m/nofp/libg.a(libc_a-mprec.o)
                0x1000c4dc                __lshift
 .text.__mcmp   0x1000c5d8       0x3c /Applications/ArmGNUToolchain/14.2.rel1/arm-none-eabi/bin/../lib/gcc/arm-none-eabi/14.2.1/../../../../arm-none-eabi/lib/thumb/v6-m/nofp/libg.a(libc_a-mprec.o)
                0x1000c5d8                __mcmp
 .text.__mdiff  0x1000c614      0x1a8 /Applications/ArmGNUToolchain/14.2.rel1/arm-none-eabi/bin/../lib/gcc/arm-none-eabi/14.2.1/../../../../arm-none-eabi/lib/thumb/v6-m/nofp/libg.a(libc_a-mprec.o)
                0x1000c614                __mdiff
 .text.__ulp    0x1000c7bc       0x40 /Applications/ArmGNUToolchain/14.2.rel1/arm-none-eabi/bin/../lib/gcc/arm-none-eabi/14.2.1/../../../../arm-none-eabi/lib/thumb/v6-m/nofp/libg.a(libc_a-mprec.o)
                0x1000c7bc                __ulp
 .text.__b2d    0x1000c7fc       0xb8 /Applications/ArmGNUToolchain/14.2.rel1/arm-none-eabi/bin/../lib/gcc/arm-none-eabi/14.2.1/../../../../arm-none-eabi/lib/thumb/v6-m/nofp/libg.a(libc_a-mprec.o)
                0x1000c7fc                __b2d
 .text.__d2b    0x1000c8b4       0xc4 /Applications/ArmGNUToolchain/14.2.rel1/arm-none-eabi/bin/../lib/gcc/arm-none-eabi/14.2.1/../../../../arm-none-eabi/lib/thumb/v6-m/nofp/libg.a(libc_a-mprec.o)
                0x1000c8b4                __d2b
 .text.__ratio  0x1000c978       0x68 /Applications/ArmGNUToolchain/14.2.rel1/arm-none-eabi/bin/../lib/gcc/arm-none-eabi/14.2.1/../../../../arm-none-eabi/lib/thumb/v6-m/nofp/libg.a(libc_a-mprec.o)
                0x1000c978                __ratio
 .text.__copybits
                0x1000c9e0       0x40 /Applications/ArmGNUToolchain/14.2.rel1/arm-none-eabi/bin/../lib/gcc/arm-none-eabi/14.2.1/../../../../arm-none-eabi/lib/thumb/v6-m/nofp/libg.a(libc_a-mprec.o)
                0x1000c9e0                __copybits
 .text.__any_on
                0x1000ca20       0x4c /Applications/ArmGNUToolchain/14.2.rel1/arm-none-eabi/bin/../lib/gcc/arm-none-eabi/14.2.1/../../../../arm-none-eabi/lib/thumb/v6-m/nofp/libg.a(libc_a-mprec.o)
                0x1000ca20                __any_on
 .text.__ascii_wctomb
                0x1000ca6c       0x1c /Applications/ArmGNUToolchain/14.2.rel1/arm-none-eabi/bin/../lib/gcc/arm-none-eabi/14.2.1/../../../../arm-none-eabi/lib/thumb/v6-m/nofp/libg.a(libc_a-wctomb_r.o)
                0x1000ca6c                __ascii_wctomb
 *(.fini)
 .fini          0x1000ca88        0x4 /Applications/ArmGNUToolchain/14.2.rel1/arm-none-eabi/bin/../lib/gcc/arm-none-eabi/14.2.1/thumb/v6-m/nofp/crti.o
                0x1000ca88                _fini
 *fill*         0x1000ca8c        0x4 
 .fini.__stub   0x1000ca90       0xc0 linker stubs
 *crtbegin.o(.ctors)
 *crtbegin?.o(.ctors)
 *(EXCLUDE_FILE(*crtend.o *crtend?.o) .ctors)
 *(SORT_BY_NAME(.ctors.*))
 *(.ctors)
 *crtbegin.o(.dtors)
 *crtbegin?.o(.dtors)
 *(EXCLUDE_FILE(*crtend.o *crtend?.o) .dtors)
 *(SORT_BY_NAME(.dtors.*))
 *(.dtors)
                0x1000cb50                        . = ALIGN (0x4)
                0x1000cb50                        PROVIDE (__preinit_array_start = .)
 *(SORT_BY_NAME(.preinit_array.*))
 .preinit_array.00100
                0x1000cb50        0x4 CMakeFiles/05-display.dir/Users/maksimkuzin/Repositories/pico/pico-sdk/src/rp2_common/pico_runtime_init/runtime_init.c.o
                0x1000cb50                __pre_init_runtime_init_early_resets
 .preinit_array.00101
                0x1000cb54        0x4 CMakeFiles/05-display.dir/Users/maksimkuzin/Repositories/pico/pico-sdk/src/rp2_common/pico_runtime_init/runtime_init.c.o
                0x1000cb54                __pre_init_runtime_init_usb_power_down
 .preinit_array.00275
                0x1000cb58        0x4 CMakeFiles/05-display.dir/Users/maksimkuzin/Repositories/pico/pico-sdk/src/rp2_common/pico_bit_ops/bit_ops_aeabi.S.o
 .preinit_array.00300
                0x1000cb5c        0x4 CMakeFiles/05-display.dir/Users/maksimkuzin/Repositories/pico/pico-sdk/src/rp2_common/pico_mem_ops/mem_ops_aeabi.S.o
 .preinit_array.00350
                0x1000cb60        0x4 CMakeFiles/05-display.dir/Users/maksimkuzin/Repositories/pico/pico-sdk/src/rp2_common/pico_double/double_aeabi_rp2040.S.o
 .preinit_array.00350
                0x1000cb64        0x4 CMakeFiles/05-display.dir/Users/maksimkuzin/Repositories/pico/pico-sdk/src/rp2_common/pico_float/float_aeabi_rp2040.S.o
 .preinit_array.00500
                0x1000cb68        0x4 CMakeFiles/05-display.dir/Users/maksimkuzin/Repositories/pico/pico-sdk/src/rp2_common/pico_runtime_init/runtime_init.c.o
                0x1000cb68                __pre_init_runtime_init_clocks
 .preinit_array.00600
                0x1000cb6c        0x4 CMakeFiles/05-display.dir/Users/maksimkuzin/Repositories/pico/pico-sdk/src/rp2_common/pico_runtime_init/runtime_init.c.o
                0x1000cb6c                __pre_init_runtime_init_post_clock_resets
 .preinit_array.00700
                0x1000cb70        0x4 CMakeFiles/05-display.dir/Users/maksimkuzin/Repositories/pico/pico-sdk/src/rp2_common/pico_runtime_init/runtime_init.c.o
                0x1000cb70                __pre_init_runtime_init_rp2040_gpio_ie_disable
 .preinit_array.01000
                0x1000cb74        0x4 CMakeFiles/05-display.dir/Users/maksimkuzin/Repositories/pico/pico-sdk/src/rp2_common/pico_runtime_init/runtime_init.c.o
                0x1000cb74                __pre_init_runtime_init_spin_locks_reset
 .preinit_array.01100
                0x1000cb78        0x4 CMakeFiles/05-display.dir/Users/maksimkuzin/Repositories/pico/pico-sdk/src/common/pico_sync/mutex.c.o
                0x1000cb78                __pre_init_runtime_init_mutex
 .preinit_array.10080
                0x1000cb7c        0x4 CMakeFiles/05-display.dir/Users/maksimkuzin/Repositories/pico/pico-sdk/src/rp2_common/pico_runtime_init/runtime_init.c.o
                0x1000cb7c                __pre_init_runtime_init_install_ram_vector_table
 .preinit_array.11000
                0x1000cb80        0x4 CMakeFiles/05-display.dir/Users/maksimkuzin/Repositories/pico/pico-sdk/src/common/pico_time/time.c.o
                0x1000cb80                __pre_init_runtime_init_default_alarm_pool
 .preinit_array.YYYYY
                0x1000cb84        0x4 CMakeFiles/05-display.dir/Users/maksimkuzin/Repositories/pico/pico-sdk/src/rp2_common/pico_runtime/runtime.c.o
                0x1000cb84                __pre_init_first_per_core_initializer
 .preinit_array.ZZZZZ.01200
                0x1000cb88        0x4 CMakeFiles/05-display.dir/Users/maksimkuzin/Repositories/pico/pico-sdk/src/rp2_common/hardware_irq/irq.c.o
                0x1000cb88                __pre_init_runtime_init_per_core_irq_priorities
 *(.preinit_array)
                0x1000cb8c                        PROVIDE (__preinit_array_end = .)
                0x1000cb8c                        . = ALIGN (0x4)
                0x1000cb8c                        PROVIDE (__init_array_start = .)
 *(SORT_BY_NAME(.init_array.*))
 .init_array.01000
                0x1000cb8c        0x4 CMakeFiles/05-display.dir/Users/maksimkuzin/Repositories/pico/pico-sdk/src/rp2_common/pico_unique_id/unique_id.c.o
 *(.init_array)
 .init_array    0x1000cb90        0x4 /Applications/ArmGNUToolchain/14.2.rel1/arm-none-eabi/bin/../lib/gcc/arm-none-eabi/14.2.1/thumb/v6-m/nofp/crtbegin.o
                0x1000cb94                        PROVIDE (__init_array_end = .)
                0x1000cb94                        . = ALIGN (0x4)
                [!provide]                        PROVIDE (__fini_array_start = .)
 *(SORT_BY_NAME(.fini_array.*))
 *(.fini_array)
                [!provide]                        PROVIDE (__fini_array_end = .)
 *(.eh_frame*)
 .eh_frame      0x1000cb94        0x0 /Applications/ArmGNUToolchain/14.2.rel1/arm-none-eabi/bin/../lib/gcc/arm-none-eabi/14.2.1/thumb/v6-m/nofp/crtbegin.o
                0x1000cb94                        . = ALIGN (0x4)

.glue_7         0x1000cb94        0x0
 .glue_7        0x1000cb94        0x0 linker stubs

.glue_7t        0x1000cb94        0x0
 .glue_7t       0x1000cb94        0x0 linker stubs

.vfp11_veneer   0x1000cb94        0x0
 .vfp11_veneer  0x1000cb94        0x0 linker stubs

.v4_bx          0x1000cb94        0x0
 .v4_bx         0x1000cb94        0x0 linker stubs

.iplt           0x1000cb94        0x0
 .iplt          0x1000cb94        0x0 /Applications/ArmGNUToolchain/14.2.rel1/arm-none-eabi/bin/../lib/gcc/arm-none-eabi/14.2.1/thumb/v6-m/nofp/crtbegin.o

.rodata         0x1000cb98     0x7d10
 *(EXCLUDE_FILE(*libm.a: *libc.a:*lib_a-mem*.o *libgcc.a:) .rodata*)
 .rodata.version_callback.str1.4
                0x1000cb98      0x58e CMakeFiles/05-display.dir/main.c.o
                                 0x41 (size before relaxing)
 .rodata.help_callback.str1.4
                0x1000d126       0x24 CMakeFiles/05-display.dir/main.c.o
 .rodata.led_blink_set_period_ms_callback.str1.4
                0x1000d126       0x1d CMakeFiles/05-display.dir/main.c.o
 .rodata.mem_callback.str1.4
                0x1000d126       0x20 CMakeFiles/05-display.dir/main.c.o
 .rodata.wmem_callback.str1.4
                0x1000d126       0x2a CMakeFiles/05-display.dir/main.c.o
 .rodata.str1.4
                0x1000d126      0x11a CMakeFiles/05-display.dir/main.c.o
 .rodata.stdio_task_handle.str1.4
                0x1000d126       0x17 CMakeFiles/05-display.dir/stdio-task/stdio-task.c.o
 .rodata.protocol_task_handle.str1.4
                0x1000d126       0x3d CMakeFiles/05-display.dir/protocol-task/protocol-task.c.o
 .rodata.mem.str1.4
                0x1000d126       0x16 CMakeFiles/05-display.dir/mem-wmem-task/mem-wmem-task.c.o
 .rodata.wmem.str1.4
                0x1000d126       0x1d CMakeFiles/05-display.dir/mem-wmem-task/mem-wmem-task.c.o
 .rodata.panic.str1.4
                0x1000d126       0x12 CMakeFiles/05-display.dir/Users/maksimkuzin/Repositories/pico/pico-sdk/src/rp2_common/pico_platform_panic/panic.c.o
 .rodata.spin_lock_claim_unused.str1.4
                0x1000d126       0x1b CMakeFiles/05-display.dir/Users/maksimkuzin/Repositories/pico/pico-sdk/src/rp2_common/hardware_sync/sync.c.o
 .rodata.user_irq_claim_unused.str1.4
                0x1000d126       0x1b CMakeFiles/05-display.dir/Users/maksimkuzin/Repositories/pico/pico-sdk/src/rp2_common/hardware_irq/irq.c.o
 .rodata.timer_hardware_alarm_claim.str1.4
                0x1000d126       0x22 CMakeFiles/05-display.dir/Users/maksimkuzin/Repositories/pico/pico-sdk/src/rp2_common/hardware_timer/timer.c.o
 .rodata.hard_assertion_failure.str1.4
                0x1000d126        0xc CMakeFiles/05-display.dir/Users/maksimkuzin/Repositories/pico/pico-sdk/src/rp2_common/pico_runtime/runtime.c.o
 .rodata.__wrap_malloc.str1.4
                0x1000d126        0xe CMakeFiles/05-display.dir/Users/maksimkuzin/Repositories/pico/pico-sdk/src/rp2_common/pico_malloc/malloc.c.o
 .rodata.str1.4
                0x1000d126       0x40 CMakeFiles/05-display.dir/Users/maksimkuzin/Repositories/pico/pico-sdk/src/rp2_common/pico_standard_binary_info/standard_binary_info.c.o
 *fill*         0x1000d126        0x2 
 .rodata.__bi_84
                0x1000d128        0xc CMakeFiles/05-display.dir/Users/maksimkuzin/Repositories/pico/pico-sdk/src/rp2_common/pico_standard_binary_info/standard_binary_info.c.o
 .rodata.__bi_78
                0x1000d134        0xc CMakeFiles/05-display.dir/Users/maksimkuzin/Repositories/pico/pico-sdk/src/rp2_common/pico_standard_binary_info/standard_binary_info.c.o
 .rodata.__bi_54
                0x1000d140        0xc CMakeFiles/05-display.dir/Users/maksimkuzin/Repositories/pico/pico-sdk/src/rp2_common/pico_standard_binary_info/standard_binary_info.c.o
 .rodata.__bi_48
                0x1000d14c        0xc CMakeFiles/05-display.dir/Users/maksimkuzin/Repositories/pico/pico-sdk/src/rp2_common/pico_standard_binary_info/standard_binary_info.c.o
 .rodata.__bi_42
                0x1000d158        0xc CMakeFiles/05-display.dir/Users/maksimkuzin/Repositories/pico/pico-sdk/src/rp2_common/pico_standard_binary_info/standard_binary_info.c.o
 .rodata.__bi_34
                0x1000d164        0xc CMakeFiles/05-display.dir/Users/maksimkuzin/Repositories/pico/pico-sdk/src/rp2_common/pico_standard_binary_info/standard_binary_info.c.o
 .rodata.__bi_26
                0x1000d170        0xc CMakeFiles/05-display.dir/Users/maksimkuzin/Repositories/pico/pico-sdk/src/rp2_common/pico_standard_binary_info/standard_binary_info.c.o
 .rodata._ftoa.str1.4
                0x1000d17c       0x15 CMakeFiles/05-display.dir/Users/maksimkuzin/Repositories/pico/pico-sdk/src/rp2_common/pico_printf/printf.c.o
 .rodata._vsnprintf
                0x1000d17c      0x19c CMakeFiles/05-display.dir/Users/maksimkuzin/Repositories/pico/pico-sdk/src/rp2_common/pico_printf/printf.c.o
 .rodata.pow10.0
                0x1000d318       0x50 CMakeFiles/05-display.dir/Users/maksimkuzin/Repositories/pico/pico-sdk/src/rp2_common/pico_printf/printf.c.o
 .rodata.__assert_func.str1.4
                0x1000d368       0x43 CMakeFiles/05-display.dir/Users/maksimkuzin/Repositories/pico/pico-sdk/src/rp2_common/pico_clib_interface/newlib_interface.c.o
 .rodata.crlf_str.0
                0x1000d368        0x2 CMakeFiles/05-display.dir/Users/maksimkuzin/Repositories/pico/pico-sdk/src/rp2_common/pico_stdio/stdio.c.o
 *fill*         0x1000d36a        0x2 
 .rodata._resetd_driver
                0x1000d36c       0x20 CMakeFiles/05-display.dir/Users/maksimkuzin/Repositories/pico/pico-sdk/src/rp2_common/pico_stdio_usb/reset_interface.c.o
 .rodata.desc_ms_os_20
                0x1000d38c       0xa6 CMakeFiles/05-display.dir/Users/maksimkuzin/Repositories/pico/pico-sdk/src/rp2_common/pico_stdio_usb/reset_interface.c.o
 *fill*         0x1000d432        0x2 
 .rodata.desc_bos
                0x1000d434       0x21 CMakeFiles/05-display.dir/Users/maksimkuzin/Repositories/pico/pico-sdk/src/rp2_common/pico_stdio_usb/reset_interface.c.o
                0x1000d434                desc_bos
 .rodata.str1.4
                0x1000d455       0x13 CMakeFiles/05-display.dir/Users/maksimkuzin/Repositories/pico/pico-sdk/src/rp2_common/pico_stdio_usb/stdio_usb.c.o
 *fill*         0x1000d455        0x3 
 .rodata.__bi_202.0
                0x1000d458        0xc CMakeFiles/05-display.dir/Users/maksimkuzin/Repositories/pico/pico-sdk/src/rp2_common/pico_stdio_usb/stdio_usb.c.o
 .rodata.str1.4
                0x1000d464       0x2a CMakeFiles/05-display.dir/Users/maksimkuzin/Repositories/pico/pico-sdk/src/rp2_common/pico_stdio_usb/stdio_usb_descriptors.c.o
 .rodata.usbd_desc_str
                0x1000d464       0x18 CMakeFiles/05-display.dir/Users/maksimkuzin/Repositories/pico/pico-sdk/src/rp2_common/pico_stdio_usb/stdio_usb_descriptors.c.o
 .rodata.usbd_desc_cfg
                0x1000d47c       0x54 CMakeFiles/05-display.dir/Users/maksimkuzin/Repositories/pico/pico-sdk/src/rp2_common/pico_stdio_usb/stdio_usb_descriptors.c.o
 .rodata.usbd_desc_device
                0x1000d4d0       0x12 CMakeFiles/05-display.dir/Users/maksimkuzin/Repositories/pico/pico-sdk/src/rp2_common/pico_stdio_usb/stdio_usb_descriptors.c.o
 .rodata.str1.4
                0x1000d4e2       0x14 CMakeFiles/05-display.dir/Users/maksimkuzin/Repositories/pico/pico-sdk/lib/tinyusb/src/portable/raspberrypi/rp2040/dcd_rp2040.c.o
 .rodata.str1.4
                0x1000d4e2       0x48 CMakeFiles/05-display.dir/Users/maksimkuzin/Repositories/pico/pico-sdk/lib/tinyusb/src/portable/raspberrypi/rp2040/rp2040_usb.c.o
 *fill*         0x1000d4e2        0x2 
 .rodata.tud_task_ext